Archive member included because of file (symbol)

c:/program files/atmel/atmel toolchain/avr8 gcc/native/3.4.2.876/avr8-gnu-toolchain/bin/../lib/gcc/avr/4.7.2/avr5\libgcc.a(_divmodhi4.o)
                              src/Adafruit-GFX-Library/Adafruit_GFX.o (__divmodhi4)
c:/program files/atmel/atmel toolchain/avr8 gcc/native/3.4.2.876/avr8-gnu-toolchain/bin/../lib/gcc/avr/4.7.2/avr5\libgcc.a(_udivmodsi4.o)
                              src/Adafruit-GFX-Library/Print.o (__udivmodsi4)
c:/program files/atmel/atmel toolchain/avr8 gcc/native/3.4.2.876/avr8-gnu-toolchain/bin/../lib/gcc/avr/4.7.2/avr5\libgcc.a(_divmodsi4.o)
                              src/RGB-matrix-Panel/RGBmatrixPanel.o (__divmodsi4)
c:/program files/atmel/atmel toolchain/avr8 gcc/native/3.4.2.876/avr8-gnu-toolchain/bin/../lib/gcc/avr/4.7.2/avr5\libgcc.a(_exit.o)
                              c:/program files/atmel/atmel toolchain/avr8 gcc/native/3.4.2.876/avr8-gnu-toolchain/bin/../lib/gcc/avr/4.7.2/../../../../avr/lib/avr5/crtm32.o (exit)
c:/program files/atmel/atmel toolchain/avr8 gcc/native/3.4.2.876/avr8-gnu-toolchain/bin/../lib/gcc/avr/4.7.2/avr5\libgcc.a(_copy_data.o)
                              src/Adafruit-GFX-Library/Print.o (__do_copy_data)
c:/program files/atmel/atmel toolchain/avr8 gcc/native/3.4.2.876/avr8-gnu-toolchain/bin/../lib/gcc/avr/4.7.2/avr5\libgcc.a(_clear_bss.o)
                              src/ledpong.o (__do_clear_bss)
c:/program files/atmel/atmel toolchain/avr8 gcc/native/3.4.2.876/avr8-gnu-toolchain/bin/../lib/gcc/avr/4.7.2/avr5\libgcc.a(_umulhisi3.o)
                              src/music.o (__umulhisi3)
c:/program files/atmel/atmel toolchain/avr8 gcc/native/3.4.2.876/avr8-gnu-toolchain/bin/../lib/gcc/avr/4.7.2/avr5\libgcc.a(_muluhisi3.o)
                              src/music.o (__muluhisi3)
c:/program files/atmel/atmel toolchain/avr8 gcc/native/3.4.2.876/avr8-gnu-toolchain/bin/../lib/gcc/avr/4.7.2/avr5\libgcc.a(_fixunssfsi.o)
                              src/Adafruit-GFX-Library/Print.o (__fixunssfsi)
c:/program files/atmel/atmel toolchain/avr8 gcc/native/3.4.2.876/avr8-gnu-toolchain/bin/../lib/gcc/avr/4.7.2/avr5\libgcc.a(_addsub_sf.o)
                              src/Adafruit-GFX-Library/Print.o (__addsf3)
c:/program files/atmel/atmel toolchain/avr8 gcc/native/3.4.2.876/avr8-gnu-toolchain/bin/../lib/gcc/avr/4.7.2/avr5\libgcc.a(_mul_sf.o)
                              src/Adafruit-GFX-Library/Print.o (__mulsf3)
c:/program files/atmel/atmel toolchain/avr8 gcc/native/3.4.2.876/avr8-gnu-toolchain/bin/../lib/gcc/avr/4.7.2/avr5\libgcc.a(_div_sf.o)
                              src/Adafruit-GFX-Library/Print.o (__divsf3)
c:/program files/atmel/atmel toolchain/avr8 gcc/native/3.4.2.876/avr8-gnu-toolchain/bin/../lib/gcc/avr/4.7.2/avr5\libgcc.a(_gt_sf.o)
                              src/Adafruit-GFX-Library/Print.o (__gtsf2)
c:/program files/atmel/atmel toolchain/avr8 gcc/native/3.4.2.876/avr8-gnu-toolchain/bin/../lib/gcc/avr/4.7.2/avr5\libgcc.a(_ge_sf.o)
                              c:/program files/atmel/atmel toolchain/avr8 gcc/native/3.4.2.876/avr8-gnu-toolchain/bin/../lib/gcc/avr/4.7.2/avr5\libgcc.a(_fixunssfsi.o) (__gesf2)
c:/program files/atmel/atmel toolchain/avr8 gcc/native/3.4.2.876/avr8-gnu-toolchain/bin/../lib/gcc/avr/4.7.2/avr5\libgcc.a(_lt_sf.o)
                              src/Adafruit-GFX-Library/Print.o (__ltsf2)
c:/program files/atmel/atmel toolchain/avr8 gcc/native/3.4.2.876/avr8-gnu-toolchain/bin/../lib/gcc/avr/4.7.2/avr5\libgcc.a(_le_sf.o)
                              src/Adafruit-GFX-Library/Print.o (__lesf2)
c:/program files/atmel/atmel toolchain/avr8 gcc/native/3.4.2.876/avr8-gnu-toolchain/bin/../lib/gcc/avr/4.7.2/avr5\libgcc.a(_unord_sf.o)
                              src/Adafruit-GFX-Library/Print.o (__unordsf2)
c:/program files/atmel/atmel toolchain/avr8 gcc/native/3.4.2.876/avr8-gnu-toolchain/bin/../lib/gcc/avr/4.7.2/avr5\libgcc.a(_si_to_sf.o)
                              src/Adafruit-GFX-Library/Print.o (__floatsisf)
c:/program files/atmel/atmel toolchain/avr8 gcc/native/3.4.2.876/avr8-gnu-toolchain/bin/../lib/gcc/avr/4.7.2/avr5\libgcc.a(_sf_to_si.o)
                              src/Adafruit-GFX-Library/Print.o (__fixsfsi)
c:/program files/atmel/atmel toolchain/avr8 gcc/native/3.4.2.876/avr8-gnu-toolchain/bin/../lib/gcc/avr/4.7.2/avr5\libgcc.a(_thenan_sf.o)
                              c:/program files/atmel/atmel toolchain/avr8 gcc/native/3.4.2.876/avr8-gnu-toolchain/bin/../lib/gcc/avr/4.7.2/avr5\libgcc.a(_addsub_sf.o) (__thenan_sf)
c:/program files/atmel/atmel toolchain/avr8 gcc/native/3.4.2.876/avr8-gnu-toolchain/bin/../lib/gcc/avr/4.7.2/avr5\libgcc.a(_usi_to_sf.o)
                              src/Adafruit-GFX-Library/Print.o (__floatunsisf)
c:/program files/atmel/atmel toolchain/avr8 gcc/native/3.4.2.876/avr8-gnu-toolchain/bin/../lib/gcc/avr/4.7.2/avr5\libgcc.a(_udivmodhi4.o)
[...]
Memory Configuration

Name             Origin             Length             Attributes
text             0x00000000         0x00020000         xr
data             0x00800060         0x0000ffa0         rw !x
eeprom           0x00810000         0x00010000         rw !x
fuse             0x00820000         0x00000400         rw !x
lock             0x00830000         0x00000400         rw !x
signature        0x00840000         0x00000400         rw !x
user_signatures  0x00850000         0x00000400         rw !x
*default*        0x00000000         0xffffffff

Linker script and memory map

LOAD c:/program files/atmel/atmel toolchain/avr8 gcc/native/3.4.2.876/avr8-gnu-toolchain/bin/../lib/gcc/avr/4.7.2/../../../../avr/lib/avr5/crtm32.o
LOAD src/a2d.o
LOAD src/Adafruit-GFX-Library/Adafruit_GFX.o
LOAD src/Adafruit-GFX-Library/glcdfont.o
LOAD src/Adafruit-GFX-Library/Print.o
LOAD src/ASF/mega/boards/stk600/rcx_x/init.o
LOAD src/avr.o
LOAD src/ball.o
LOAD src/coin.o
LOAD src/keypad.o
LOAD src/lcd.o
LOAD src/ledpong.o
LOAD src/main.o
LOAD src/nesctrlr.o
LOAD src/paddle.o
LOAD src/RGB-matrix-Panel/pins_atmega32.o
LOAD src/RGB-matrix-Panel/RGBmatrixPanel.o
LOAD src/score.o
LOAD src/music.o
LOAD src/voltage.o
START GROUP
END GROUP
LOAD c:/program files/atmel/atmel toolchain/avr8 gcc/native/3.4.2.876/avr8-gnu-toolchain/bin/../lib/gcc/avr/4.7.2/avr5\libgcc.a
LOAD c:/program files/atmel/atmel toolchain/avr8 gcc/native/3.4.2.876/avr8-gnu-toolchain/bin/../lib/gcc/avr/4.7.2/../../../../avr/lib/avr5\libc.a
LOAD c:/program files/atmel/atmel toolchain/avr8 gcc/native/3.4.2.876/avr8-gnu-toolchain/bin/../lib/gcc/avr/4.7.2/avr5\libgcc.a

.hash
 *(.hash)

.dynsym
 *(.dynsym)

.dynstr
 *(.dynstr)

.gnu.version
 *(.gnu.version)

.gnu.version_d
 *(.gnu.version_d)

.gnu.version_r
 *(.gnu.version_r)

.rel.init
 *(.rel.init)

.rela.init
 *(.rela.init)

.rel.text
 *(.rel.text)
 *(.rel.text.*)
 *(.rel.gnu.linkonce.t*)

.rela.text
 *(.rela.text)
 *(.rela.text.*)
 *(.rela.gnu.linkonce.t*)

.rel.fini
 *(.rel.fini)

.rela.fini
 *(.rela.fini)

.rel.rodata
 *(.rel.rodata)
 *(.rel.rodata.*)
 *(.rel.gnu.linkonce.r*)

.rela.rodata
 *(.rela.rodata)
 *(.rela.rodata.*)
 *(.rela.gnu.linkonce.r*)

.rel.data
 *(.rel.data)
 *(.rel.data.*)
 *(.rel.gnu.linkonce.d*)

.rela.data
 *(.rela.data)
 *(.rela.data.*)
 *(.rela.gnu.linkonce.d*)

.rel.ctors
 *(.rel.ctors)

.rela.ctors
 *(.rela.ctors)

.rel.dtors
 *(.rel.dtors)

.rela.dtors
 *(.rela.dtors)

.rel.got
 *(.rel.got)

.rela.got
 *(.rela.got)

.rel.bss
 *(.rel.bss)

.rela.bss
 *(.rela.bss)

.rel.plt
 *(.rel.plt)

.rela.plt
 *(.rela.plt)

.text           0x00000000     0x6386
 *(.vectors)
 .vectors       0x00000000       0x54 c:/program files/atmel/atmel toolchain/avr8 gcc/native/3.4.2.876/avr8-gnu-toolchain/bin/../lib/gcc/avr/4.7.2/../../../../avr/lib/avr5/crtm32.o
                0x00000000                __vector_default
                0x00000000                __vectors
 *(.vectors)
 *(.progmem.gcc*)
 *(.progmem*)
 .progmem.data.font
                0x00000054      0x4fb src/Adafruit-GFX-Library/Adafruit_GFX.o
 .progmem.data.image_titleScreen
                0x0000054f      0x607 src/ledpong.o
                0x0000054f                image_titleScreen
 .progmem.data.image_derek
                0x00000b56      0x607 src/ledpong.o
                0x00000b56                image_derek
 .progmem.data.image_orson
                0x0000115d      0x607 src/ledpong.o
                0x0000115d                image_orson
 .progmem.data.image_credits
                0x00001764      0x607 src/ledpong.o
                0x00001764                image_credits
 .progmem.data.image_winPlayer2
                0x00001d6b      0x607 src/ledpong.o
                0x00001d6b                image_winPlayer2
 .progmem.data.image_winPlayer1
                0x00002372      0x607 src/ledpong.o
                0x00002372                image_winPlayer1
 .progmem.data.image_insertCoin
                0x00002979      0x607 src/ledpong.o
                0x00002979                image_insertCoin
 .progmem.data.image_peterAnteater
                0x00002f80      0x607 src/ledpong.o
                0x00002f80                image_peterAnteater
 .progmem.data.port_to_output_PGM
                0x00003587        0xa src/RGB-matrix-Panel/pins_atmega32.o
                0x00003587                port_to_output_PGM
 .progmem.data.port_to_mode_PGM
                0x00003591        0xa src/RGB-matrix-Panel/pins_atmega32.o
                0x00003591                port_to_mode_PGM
 .progmem.data.digital_pin_to_bit_mask_PGM
                0x0000359b       0x20 src/RGB-matrix-Panel/pins_atmega32.o
                0x0000359b                digital_pin_to_bit_mask_PGM
 .progmem.data.digital_pin_to_port_PGM
                0x000035bb       0x20 src/RGB-matrix-Panel/pins_atmega32.o
                0x000035bb                digital_pin_to_port_PGM
                0x000035dc                . = ALIGN (0x2)
 *fill*         0x000035db        0x1 
                0x000035dc                __trampolines_start = .
 *(.trampolines)
 .trampolines   0x000035dc        0x0 linker stubs
 *(.trampolines*)
                0x000035dc                __trampolines_end = .
 *(.jumptables)
 *(.jumptables*)
 *(.lowtext)
 *(.lowtext*)
                0x000035dc                __ctors_start = .
 *(.ctors)
                0x000035dc                __ctors_end = .
                0x000035dc                __dtors_start = .
 *(.dtors)
                0x000035dc                __dtors_end = .
 SORT(*)(.ctors)
 SORT(*)(.dtors)
 *(.init0)
 .init0         0x000035dc        0x0 c:/program files/atmel/atmel toolchain/avr8 gcc/native/3.4.2.876/avr8-gnu-toolchain/bin/../lib/gcc/avr/4.7.2/../../../../avr/lib/avr5/crtm32.o
                0x000035dc                __init
 *(.init0)
 *(.init1)
 *(.init1)
 *(.init2)
 .init2         0x000035dc        0xc c:/program files/atmel/atmel toolchain/avr8 gcc/native/3.4.2.876/avr8-gnu-toolchain/bin/../lib/gcc/avr/4.7.2/../../../../avr/lib/avr5/crtm32.o
 *(.init2)
 *(.init3)
 *(.init3)
 *(.init4)
 .init4         0x000035e8       0x16 c:/program files/atmel/atmel toolchain/avr8 gcc/native/3.4.2.876/avr8-gnu-toolchain/bin/../lib/gcc/avr/4.7.2/avr5\libgcc.a(_copy_data.o)
                0x000035e8                __do_copy_data
 .init4         0x000035fe       0x10 c:/program files/atmel/atmel toolchain/avr8 gcc/native/3.4.2.876/avr8-gnu-toolchain/bin/../lib/gcc/avr/4.7.2/avr5\libgcc.a(_clear_bss.o)
                0x000035fe                __do_clear_bss
 *(.init4)
 *(.init5)
 *(.init5)
 *(.init6)
 *(.init6)
 *(.init7)
 *(.init7)
 *(.init8)
 *(.init8)
 *(.init9)
 .init9         0x0000360e        0x8 c:/program files/atmel/atmel toolchain/avr8 gcc/native/3.4.2.876/avr8-gnu-toolchain/bin/../lib/gcc/avr/4.7.2/../../../../avr/lib/avr5/crtm32.o
 *(.init9)
 *(.text)
 .text          0x00003616        0x4 c:/program files/atmel/atmel toolchain/avr8 gcc/native/3.4.2.876/avr8-gnu-toolchain/bin/../lib/gcc/avr/4.7.2/../../../../avr/lib/avr5/crtm32.o
                0x00003616                __vector_1
                0x00003616                __vector_12
                0x00003616                __bad_interrupt
                0x00003616                __vector_6
                0x00003616                __vector_11
                0x00003616                __vector_13
                0x00003616                __vector_17
                0x00003616                __vector_19
                0x00003616                __vector_7
                0x00003616                __vector_5
                0x00003616                __vector_4
                0x00003616                __vector_2
                0x00003616                __vector_15
                0x00003616                __vector_8
                0x00003616                __vector_14
                0x00003616                __vector_10
                0x00003616                __vector_16
                0x00003616                __vector_18
                0x00003616                __vector_20
                0x0000361a                . = ALIGN (0x2)
 *(.text.*)
 .text.Adafruit_GFX_drawLine
                0x0000361a      0x174 src/Adafruit-GFX-Library/Adafruit_GFX.o
                0x0000361a                Adafruit_GFX_drawLine
 .text.Adafruit_GFX_drawRect
                0x0000378e       0x86 src/Adafruit-GFX-Library/Adafruit_GFX.o
                0x0000378e                Adafruit_GFX_drawRect
 .text.Adafruit_GFX_drawFastVLine
                0x00003814       0x2c src/Adafruit-GFX-Library/Adafruit_GFX.o
                0x00003814                Adafruit_GFX_drawFastVLine
 .text.Adafruit_GFX_drawFastHLine
                0x00003840       0x2a src/Adafruit-GFX-Library/Adafruit_GFX.o
                0x00003840                Adafruit_GFX_drawFastHLine
 .text.Adafruit_GFX_fillRect
                0x0000386a       0x6c src/Adafruit-GFX-Library/Adafruit_GFX.o
                0x0000386a                Adafruit_GFX_fillRect
 .text.Adafruit_GFX_fillScreen
                0x000038d6       0x38 src/Adafruit-GFX-Library/Adafruit_GFX.o
                0x000038d6                Adafruit_GFX_fillScreen
 .text.Adafruit_GFX_constructor
                0x0000390e       0x8e src/Adafruit-GFX-Library/Adafruit_GFX.o
                0x0000390e                Adafruit_GFX_constructor
 .text.Adafruit_GFX_drawChar
                0x0000399c      0x1f8 src/Adafruit-GFX-Library/Adafruit_GFX.o
                0x0000399c                Adafruit_GFX_drawChar
 .text.Adafruit_GFX_write
                0x00003b94       0xb6 src/Adafruit-GFX-Library/Adafruit_GFX.o
                0x00003b94                Adafruit_GFX_write
 .text.Adafruit_GFX_setCursor
                0x00003c4a        0xc src/Adafruit-GFX-Library/Adafruit_GFX.o
                0x00003c4a                Adafruit_GFX_setCursor
 .text.Adafruit_GFX_setTextColor
                0x00003c56        0xc src/Adafruit-GFX-Library/Adafruit_GFX.o
                0x00003c56                Adafruit_GFX_setTextColor
 .text.Print_writeEx
                0x00003c62       0x56 src/Adafruit-GFX-Library/Print.o
                0x00003c62                Print_writeEx
 .text.Print_constructor
                0x00003cb8       0x14 src/Adafruit-GFX-Library/Print.o
                0x00003cb8                Print_constructor
 .text.wait_avr_ms
                0x00003ccc       0x1e src/avr.o
                0x00003ccc                wait_avr_ms
 .text.ball_setColor
                0x00003cea        0x8 src/ball.o
                0x00003cea                ball_setColor
 .text.ball_moveCenter
                0x00003cf2        0xc src/ball.o
                0x00003cf2                ball_moveCenter
 .text.ball_randomVelocity
                0x00003cfe       0x6c src/ball.o
                0x00003cfe                ball_randomVelocity
 .text.ball_step
                0x00003d6a       0x14 src/ball.o
                0x00003d6a                ball_step
 .text.ball_render
                0x00003d7e       0x18 src/ball.o
                0x00003d7e                ball_render
 .text.coin_init
                0x00003d96       0x12 src/coin.o
                0x00003d96                coin_init
 .text.ledpong_drawArt
                0x00003da8       0xba src/ledpong.o
                0x00003da8                ledpong_drawArt
 .text.ledpong_renderScores
                0x00003e62       0xd6 src/ledpong.o
                0x00003e62                ledpong_renderScores
 .text.ledpong_resetScore
                0x00003f38       0x12 src/ledpong.o
                0x00003f38                ledpong_resetScore
 .text.kp_ledpong_p1_paddle_move_left
                0x00003f4a       0x26 src/ledpong.o
                0x00003f4a                kp_ledpong_p1_paddle_move_left
 .text.kp_ledpong_p1_paddle_move_right
                0x00003f70       0x26 src/ledpong.o
                0x00003f70                kp_ledpong_p1_paddle_move_right
 .text.kp_ledpong_p2_paddle_move_left
                0x00003f96       0x26 src/ledpong.o
                0x00003f96                kp_ledpong_p2_paddle_move_left
 .text.kp_ledpong_p2_paddle_move_right
                0x00003fbc       0x26 src/ledpong.o
                0x00003fbc                kp_ledpong_p2_paddle_move_right
 .text.ledpong_resetPositions
                0x00003fe2       0x2a src/ledpong.o
                0x00003fe2                ledpong_resetPositions
 .text.ledpong_init
                0x0000400c       0xf0 src/ledpong.o
                0x0000400c                ledpong_init
 .text.__vector_3
                0x000040fc       0x56 src/ledpong.o
                0x000040fc                __vector_3
 .text.ledpong_step
                0x00004152      0x2fc src/ledpong.o
                0x00004152                ledpong_step
 .text.ledpong_render
                0x0000444e      0x1da src/ledpong.o
                0x0000444e                ledpong_render
 .text.main     0x00004628       0x14 src/main.o
                0x00004628                main
 .text.nesctrlr_init
                0x0000463c        0xe src/nesctrlr.o
                0x0000463c                nesctrlr_init
 .text.nesctrlr_pollPlayer1
                0x0000464a      0x278 src/nesctrlr.o
                0x0000464a                nesctrlr_pollPlayer1
 .text.nesctrlr_pollPlayer2
                0x000048c2      0x272 src/nesctrlr.o
                0x000048c2                nesctrlr_pollPlayer2
 .text.paddle_setColor
                0x00004b34        0x8 src/paddle.o
                0x00004b34                paddle_setColor
 .text.paddle_setExtent
                0x00004b3c        0x8 src/paddle.o
                0x00004b3c                paddle_setExtent
 .text.paddle_setPosition
                0x00004b44        0x8 src/paddle.o
                0x00004b44                paddle_setPosition
 .text.paddle_render
                0x00004b4c       0x3c src/paddle.o
                0x00004b4c                paddle_render
 .text.pinMode  0x00004b88       0x84 src/RGB-matrix-Panel/pins_atmega32.o
                0x00004b88                pinMode
 .text.RGBmatrixPanel_invertDisplay
                0x00004c0c        0x2 src/RGB-matrix-Panel/RGBmatrixPanel.o
                0x00004c0c                RGBmatrixPanel_invertDisplay
 .text.RGBmatrixPanel_drawPixel
                0x00004c0e      0x27e src/RGB-matrix-Panel/RGBmatrixPanel.o
                0x00004c0e                RGBmatrixPanel_drawPixel
 .text.RGBmatrixPanel_fillScreen
                0x00004e8c       0x30 src/RGB-matrix-Panel/RGBmatrixPanel.o
                0x00004e8c                RGBmatrixPanel_fillScreen
 .text.RGBmatrixPanel_init
                0x00004ebc      0x23e src/RGB-matrix-Panel/RGBmatrixPanel.o
                0x00004ebc                RGBmatrixPanel_init
 .text.RGBmatrixPanel_Constructor_16x32
                0x000050fa       0x28 src/RGB-matrix-Panel/RGBmatrixPanel.o
                0x000050fa                RGBmatrixPanel_Constructor_16x32
 .text.RGBmatrixPanel_begin
                0x00005122      0x11a src/RGB-matrix-Panel/RGBmatrixPanel.o
                0x00005122                RGBmatrixPanel_begin
 .text.RGBmatrixPanel_Color333
                0x0000523c       0x56 src/RGB-matrix-Panel/RGBmatrixPanel.o
                0x0000523c                RGBmatrixPanel_Color333
 .text.RGBmatrixPanel_Color888
                0x00005292       0x2c src/RGB-matrix-Panel/RGBmatrixPanel.o
                0x00005292                RGBmatrixPanel_Color888
 .text.RGBmatrixPanel_updateDisplay
                0x000052be      0x396 src/RGB-matrix-Panel/RGBmatrixPanel.o
                0x000052be                RGBmatrixPanel_updateDisplay
 .text.__vector_9
                0x00005654       0x54 src/RGB-matrix-Panel/RGBmatrixPanel.o
                0x00005654                __vector_9
 .text.score_awardPoint
                0x000056a8        0xa src/score.o
                0x000056a8                score_awardPoint
 .text.score_getPoints
                0x000056b2        0x6 src/score.o
                0x000056b2                score_getPoints
 .text.music_enable
                0x000056b8        0x8 src/music.o
                0x000056b8                music_enable
 .text.music_wait2
                0x000056c0       0x1c src/music.o
                0x000056c0                music_wait2
 .text.music_translatePeriod
                0x000056dc       0x1a src/music.o
                0x000056dc                music_translatePeriod
 .text.music_playNote
                0x000056f6      0x106 src/music.o
                0x000056f6                music_playNote
 .text.music_playSong
                0x000057fc       0x4c src/music.o
                0x000057fc                music_playSong
 .text.music_init
                0x00005848       0x16 src/music.o
                0x00005848                music_init
 .text.music_playGreenSleeves
                0x0000585e      0x148 src/music.o
                0x0000585e                music_playGreenSleeves
 .text.music_playSoundEffectBeep
                0x000059a6       0x26 src/music.o
                0x000059a6                music_playSoundEffectBeep
 .text.libgcc.div
                0x000059cc       0x26 c:/program files/atmel/atmel toolchain/avr8 gcc/native/3.4.2.876/avr8-gnu-toolchain/bin/../lib/gcc/avr/4.7.2/avr5\libgcc.a(_divmodhi4.o)
                0x000059cc                _div
                0x000059cc                __divmodhi4
 .text.libgcc.div
                0x000059f2       0x44 c:/program files/atmel/atmel toolchain/avr8 gcc/native/3.4.2.876/avr8-gnu-toolchain/bin/../lib/gcc/avr/4.7.2/avr5\libgcc.a(_udivmodsi4.o)
                0x000059f2                __udivmodsi4
 .text.libgcc.div
                0x00005a36       0x36 c:/program files/atmel/atmel toolchain/avr8 gcc/native/3.4.2.876/avr8-gnu-toolchain/bin/../lib/gcc/avr/4.7.2/avr5\libgcc.a(_divmodsi4.o)
                0x00005a36                __divmodsi4
 .text.libgcc.mul
                0x00005a6c       0x18 c:/program files/atmel/atmel toolchain/avr8 gcc/native/3.4.2.876/avr8-gnu-toolchain/bin/../lib/gcc/avr/4.7.2/avr5\libgcc.a(_umulhisi3.o)
                0x00005a6c                __umulhisi3
 .text.libgcc.mul
                0x00005a84       0x14 c:/program files/atmel/atmel toolchain/avr8 gcc/native/3.4.2.876/avr8-gnu-toolchain/bin/../lib/gcc/avr/4.7.2/avr5\libgcc.a(_muluhisi3.o)
                0x00005a84                __muluhisi3
 .text.libgcc.div
                0x00005a98       0x28 c:/program files/atmel/atmel toolchain/avr8 gcc/native/3.4.2.876/avr8-gnu-toolchain/bin/../lib/gcc/avr/4.7.2/avr5\libgcc.a(_udivmodhi4.o)
                0x00005a98                __udivmodhi4
 .text.libgcc.prologue
                0x00005ac0       0x38 c:/program files/atmel/atmel toolchain/avr8 gcc/native/3.4.2.876/avr8-gnu-toolchain/bin/../lib/gcc/avr/4.7.2/avr5\libgcc.a(_prologue.o)
                0x00005ac0                __prologue_saves__
 .text.libgcc.prologue
                0x00005af8       0x36 c:/program files/atmel/atmel toolchain/avr8 gcc/native/3.4.2.876/avr8-gnu-toolchain/bin/../lib/gcc/avr/4.7.2/avr5\libgcc.a(_epilogue.o)
                0x00005af8                __epilogue_restores__
 .text.avr-libc
                0x00005b2e      0x26e c:/program files/atmel/atmel toolchain/avr8 gcc/native/3.4.2.876/avr8-gnu-toolchain/bin/../lib/gcc/avr/4.7.2/../../../../avr/lib/avr5\libc.a(malloc.o)
                0x00005b2e                malloc
                0x00005c64                free
 .text.avr-libc
                0x00005d9c       0xb4 c:/program files/atmel/atmel toolchain/avr8 gcc/native/3.4.2.876/avr8-gnu-toolchain/bin/../lib/gcc/avr/4.7.2/../../../../avr/lib/avr5\libc.a(rand.o)
                0x00005e32                rand_r
                0x00005e34                rand
                0x00005e3a                srand
 .text.avr-libc
                0x00005e50        0xe c:/program files/atmel/atmel toolchain/avr8 gcc/native/3.4.2.876/avr8-gnu-toolchain/bin/../lib/gcc/avr/4.7.2/../../../../avr/lib/avr5\libc.a(memset.o)
                0x00005e50                memset
 .text.avr-libc
                0x00005e5e       0x3e c:/program files/atmel/atmel toolchain/avr8 gcc/native/3.4.2.876/avr8-gnu-toolchain/bin/../lib/gcc/avr/4.7.2/../../../../avr/lib/avr5\libc.a(sprintf.o)
                0x00005e5e                sprintf
 .text.avr-libc
                0x00005e9c      0x39a c:/program files/atmel/atmel toolchain/avr8 gcc/native/3.4.2.876/avr8-gnu-toolchain/bin/../lib/gcc/avr/4.7.2/../../../../avr/lib/avr5\libc.a(vfprintf_std.o)
                0x00005e9c                vfprintf
 .text.avr-libc
                0x00006236       0x16 c:/program files/atmel/atmel toolchain/avr8 gcc/native/3.4.2.876/avr8-gnu-toolchain/bin/../lib/gcc/avr/4.7.2/../../../../avr/lib/avr5\libc.a(strnlen_P.o)
                0x00006236                strnlen_P
 .text.avr-libc
                0x0000624c       0x16 c:/program files/atmel/atmel toolchain/avr8 gcc/native/3.4.2.876/avr8-gnu-toolchain/bin/../lib/gcc/avr/4.7.2/../../../../avr/lib/avr5\libc.a(strnlen.o)
                0x0000624c                strnlen
 .text.avr-libc
                0x00006262       0x58 c:/program files/atmel/atmel toolchain/avr8 gcc/native/3.4.2.876/avr8-gnu-toolchain/bin/../lib/gcc/avr/4.7.2/../../../../avr/lib/avr5\libc.a(fputc.o)
                0x00006262                fputc
 .text.avr-libc
                0x000062ba       0xbc c:/program files/atmel/atmel toolchain/avr8 gcc/native/3.4.2.876/avr8-gnu-toolchain/bin/../lib/gcc/avr/4.7.2/../../../../avr/lib/avr5\libc.a(ultoa_invert.o)
                0x000062ba                __ultoa_invert
 .text.libgcc.mul
                0x00006376        0xc c:/program files/atmel/atmel toolchain/avr8 gcc/native/3.4.2.876/avr8-gnu-toolchain/bin/../lib/gcc/avr/4.7.2/avr5\libgcc.a(_mulshisi3.o)
                0x00006376                __mulshisi3
                0x0000637a                __mulohisi3
                0x00006382                . = ALIGN (0x2)
 *(.fini9)
 .fini9         0x00006382        0x0 c:/program files/atmel/atmel toolchain/avr8 gcc/native/3.4.2.876/avr8-gnu-toolchain/bin/../lib/gcc/avr/4.7.2/avr5\libgcc.a(_exit.o)
                0x00006382                _exit
                0x00006382                exit
 *(.fini9)
 *(.fini8)
 *(.fini8)
 *(.fini7)
 *(.fini7)
 *(.fini6)
 *(.fini6)
 *(.fini5)
 *(.fini5)
 *(.fini4)
 *(.fini4)
 *(.fini3)
 *(.fini3)
 *(.fini2)
 *(.fini2)
 *(.fini1)
 *(.fini1)
 *(.fini0)
 .fini0         0x00006382        0x4 c:/program files/atmel/atmel toolchain/avr8 gcc/native/3.4.2.876/avr8-gnu-toolchain/bin/../lib/gcc/avr/4.7.2/avr5\libgcc.a(_exit.o)
 *(.fini0)
                0x00006386                _etext = .

.data           0x00800060       0x16 load address 0x00006386
                0x00800060                PROVIDE (__data_start, .)
 *(.data)
 .data          0x00800060        0x0 c:/program files/atmel/atmel toolchain/avr8 gcc/native/3.4.2.876/avr8-gnu-toolchain/bin/../lib/gcc/avr/4.7.2/../../../../avr/lib/avr5/crtm32.o
 .data          0x00800060        0x0 src/a2d.o
 .data          0x00800060        0x0 src/Adafruit-GFX-Library/Adafruit_GFX.o
 .data          0x00800060        0x0 src/Adafruit-GFX-Library/glcdfont.o
 .data          0x00800060        0x0 src/Adafruit-GFX-Library/Print.o
 .data          0x00800060        0x0 src/ASF/mega/boards/stk600/rcx_x/init.o
 .data          0x00800060        0x0 src/avr.o
 .data          0x00800060        0x0 src/ball.o
 .data          0x00800060        0x0 src/coin.o
 .data          0x00800060        0x0 src/keypad.o
 .data          0x00800060        0x0 src/lcd.o
 .data          0x00800060        0x0 src/ledpong.o
 .data          0x00800060        0x0 src/main.o
 .data          0x00800060        0x0 src/nesctrlr.o
 .data          0x00800060        0x0 src/paddle.o
 .data          0x00800060        0x0 src/RGB-matrix-Panel/pins_atmega32.o
 .data          0x00800060        0x0 src/RGB-matrix-Panel/RGBmatrixPanel.o
 .data          0x00800060        0x0 src/score.o
 .data          0x00800060        0x0 src/music.o
 .data          0x00800060        0x0 src/voltage.o
 .data          0x00800060        0x0 c:/program files/atmel/atmel toolchain/avr8 gcc/native/3.4.2.876/avr8-gnu-toolchain/bin/../lib/gcc/avr/4.7.2/avr5\libgcc.a(_divmodhi4.o)
 .data          0x00800060        0x0 c:/program files/atmel/atmel toolchain/avr8 gcc/native/3.4.2.876/avr8-gnu-toolchain/bin/../lib/gcc/avr/4.7.2/avr5\libgcc.a(_udivmodsi4.o)
 .data          0x00800060        0x0 c:/program files/atmel/atmel toolchain/avr8 gcc/native/3.4.2.876/avr8-gnu-toolchain/bin/../lib/gcc/avr/4.7.2/avr5\libgcc.a(_divmodsi4.o)
 .data          0x00800060        0x0 c:/program files/atmel/atmel toolchain/avr8 gcc/native/3.4.2.876/avr8-gnu-toolchain/bin/../lib/gcc/avr/4.7.2/avr5\libgcc.a(_exit.o)
 .data          0x00800060        0x0 c:/program files/atmel/atmel toolchain/avr8 gcc/native/3.4.2.876/avr8-gnu-toolchain/bin/../lib/gcc/avr/4.7.2/avr5\libgcc.a(_copy_data.o)
 .data          0x00800060        0x0 c:/program files/atmel/atmel toolchain/avr8 gcc/native/3.4.2.876/avr8-gnu-toolchain/bin/../lib/gcc/avr/4.7.2/avr5\libgcc.a(_clear_bss.o)
 .data          0x00800060        0x0 c:/program files/atmel/atmel toolchain/avr8 gcc/native/3.4.2.876/avr8-gnu-toolchain/bin/../lib/gcc/avr/4.7.2/avr5\libgcc.a(_umulhisi3.o)
 .data          0x00800060        0x0 c:/program files/atmel/atmel toolchain/avr8 gcc/native/3.4.2.876/avr8-gnu-toolchain/bin/../lib/gcc/avr/4.7.2/avr5\libgcc.a(_muluhisi3.o)
 .data          0x00800060        0x0 c:/program files/atmel/atmel toolchain/avr8 gcc/native/3.4.2.876/avr8-gnu-toolchain/bin/../lib/gcc/avr/4.7.2/avr5\libgcc.a(_fixunssfsi.o)
 .data          0x00800060        0x0 c:/program files/atmel/atmel toolchain/avr8 gcc/native/3.4.2.876/avr8-gnu-toolchain/bin/../lib/gcc/avr/4.7.2/avr5\libgcc.a(_addsub_sf.o)
 .data          0x00800060        0x0 c:/program files/atmel/atmel toolchain/avr8 gcc/native/3.4.2.876/avr8-gnu-toolchain/bin/../lib/gcc/avr/4.7.2/avr5\libgcc.a(_mul_sf.o)
 .data          0x00800060        0x0 c:/program files/atmel/atmel toolchain/avr8 gcc/native/3.4.2.876/avr8-gnu-toolchain/bin/../lib/gcc/avr/4.7.2/avr5\libgcc.a(_div_sf.o)
 .data          0x00800060        0x0 c:/program files/atmel/atmel toolchain/avr8 gcc/native/3.4.2.876/avr8-gnu-toolchain/bin/../lib/gcc/avr/4.7.2/avr5\libgcc.a(_gt_sf.o)
 .data          0x00800060        0x0 c:/program files/atmel/atmel toolchain/avr8 gcc/native/3.4.2.876/avr8-gnu-toolchain/bin/../lib/gcc/avr/4.7.2/avr5\libgcc.a(_ge_sf.o)
 .data          0x00800060        0x0 c:/program files/atmel/atmel toolchain/avr8 gcc/native/3.4.2.876/avr8-gnu-toolchain/bin/../lib/gcc/avr/4.7.2/avr5\libgcc.a(_lt_sf.o)
 .data          0x00800060        0x0 c:/program files/atmel/atmel toolchain/avr8 gcc/native/3.4.2.876/avr8-gnu-toolchain/bin/../lib/gcc/avr/4.7.2/avr5\libgcc.a(_le_sf.o)
 .data          0x00800060        0x0 c:/program files/atmel/atmel toolchain/avr8 gcc/native/3.4.2.876/avr8-gnu-toolchain/bin/../lib/gcc/avr/4.7.2/avr5\libgcc.a(_unord_sf.o)
 .data          0x00800060        0x0 c:/program files/atmel/atmel toolchain/avr8 gcc/native/3.4.2.876/avr8-gnu-toolchain/bin/../lib/gcc/avr/4.7.2/avr5\libgcc.a(_si_to_sf.o)
 .data          0x00800060        0x0 c:/program files/atmel/atmel toolchain/avr8 gcc/native/3.4.2.876/avr8-gnu-toolchain/bin/../lib/gcc/avr/4.7.2/avr5\libgcc.a(_sf_to_si.o)
 .data          0x00800060        0x0 c:/program files/atmel/atmel toolchain/avr8 gcc/native/3.4.2.876/avr8-gnu-toolchain/bin/../lib/gcc/avr/4.7.2/avr5\libgcc.a(_thenan_sf.o)
 .data          0x00800060        0x0 c:/program files/atmel/atmel toolchain/avr8 gcc/native/3.4.2.876/avr8-gnu-toolchain/bin/../lib/gcc/avr/4.7.2/avr5\libgcc.a(_usi_to_sf.o)
 .data          0x00800060        0x0 c:/program files/atmel/atmel toolchain/avr8 gcc/native/3.4.2.876/avr8-gnu-toolchain/bin/../lib/gcc/avr/4.7.2/avr5\libgcc.a(_udivmodhi4.o)
 .data          0x00800060        0x0 c:/program files/atmel/atmel toolchain/avr8 gcc/native/3.4.2.876/avr8-gnu-toolchain/bin/../lib/gcc/avr/4.7.2/avr5\libgcc.a(_clzsi2.o)
 .data          0x00800060        0x0 c:/program files/atmel/atmel toolchain/avr8 gcc/native/3.4.2.876/avr8-gnu-toolchain/bin/../lib/gcc/avr/4.7.2/avr5\libgcc.a(_clzhi2.o)
 .data          0x00800060        0x0 c:/program files/atmel/atmel toolchain/avr8 gcc/native/3.4.2.876/avr8-gnu-toolchain/bin/../lib/gcc/avr/4.7.2/avr5\libgcc.a(_prologue.o)
 .data          0x00800060        0x0 c:/program files/atmel/atmel toolchain/avr8 gcc/native/3.4.2.876/avr8-gnu-toolchain/bin/../lib/gcc/avr/4.7.2/avr5\libgcc.a(_epilogue.o)
 .data          0x00800060        0x0 c:/program files/atmel/atmel toolchain/avr8 gcc/native/3.4.2.876/avr8-gnu-toolchain/bin/../lib/gcc/avr/4.7.2/avr5\libgcc.a(_pack_sf.o)
 .data          0x00800060        0x0 c:/program files/atmel/atmel toolchain/avr8 gcc/native/3.4.2.876/avr8-gnu-toolchain/bin/../lib/gcc/avr/4.7.2/avr5\libgcc.a(_unpack_sf.o)
 .data          0x00800060        0x0 c:/program files/atmel/atmel toolchain/avr8 gcc/native/3.4.2.876/avr8-gnu-toolchain/bin/../lib/gcc/avr/4.7.2/avr5\libgcc.a(_fpcmp_parts_sf.o)
 .data          0x00800060        0x6 c:/program files/atmel/atmel toolchain/avr8 gcc/native/3.4.2.876/avr8-gnu-toolchain/bin/../lib/gcc/avr/4.7.2/../../../../avr/lib/avr5\libc.a(malloc.o)
                0x00800060                __malloc_heap_end
                0x00800062                __malloc_heap_start
                0x00800064                __malloc_margin
 .data          0x00800066        0x4 c:/program files/atmel/atmel toolchain/avr8 gcc/native/3.4.2.876/avr8-gnu-toolchain/bin/../lib/gcc/avr/4.7.2/../../../../avr/lib/avr5\libc.a(rand.o)
 .data          0x0080006a        0x0 c:/program files/atmel/atmel toolchain/avr8 gcc/native/3.4.2.876/avr8-gnu-toolchain/bin/../lib/gcc/avr/4.7.2/../../../../avr/lib/avr5\libc.a(memcpy.o)
 .data          0x0080006a        0x0 c:/program files/atmel/atmel toolchain/avr8 gcc/native/3.4.2.876/avr8-gnu-toolchain/bin/../lib/gcc/avr/4.7.2/../../../../avr/lib/avr5\libc.a(memset.o)
 .data          0x0080006a        0x0 c:/program files/atmel/atmel toolchain/avr8 gcc/native/3.4.2.876/avr8-gnu-toolchain/bin/../lib/gcc/avr/4.7.2/../../../../avr/lib/avr5\libc.a(sprintf.o)
 .data          0x0080006a        0x0 c:/program files/atmel/atmel toolchain/avr8 gcc/native/3.4.2.876/avr8-gnu-toolchain/bin/../lib/gcc/avr/4.7.2/../../../../avr/lib/avr5\libc.a(vfprintf_std.o)
 .data          0x0080006a        0x0 c:/program files/atmel/atmel toolchain/avr8 gcc/native/3.4.2.876/avr8-gnu-toolchain/bin/../lib/gcc/avr/4.7.2/../../../../avr/lib/avr5\libc.a(strnlen_P.o)
 .data          0x0080006a        0x0 c:/program files/atmel/atmel toolchain/avr8 gcc/native/3.4.2.876/avr8-gnu-toolchain/bin/../lib/gcc/avr/4.7.2/../../../../avr/lib/avr5\libc.a(strnlen.o)
 .data          0x0080006a        0x0 c:/program files/atmel/atmel toolchain/avr8 gcc/native/3.4.2.876/avr8-gnu-toolchain/bin/../lib/gcc/avr/4.7.2/../../../../avr/lib/avr5\libc.a(fputc.o)
 .data          0x0080006a        0x0 c:/program files/atmel/atmel toolchain/avr8 gcc/native/3.4.2.876/avr8-gnu-toolchain/bin/../lib/gcc/avr/4.7.2/../../../../avr/lib/avr5\libc.a(ultoa_invert.o)
 .data          0x0080006a        0x0 c:/program files/atmel/atmel toolchain/avr8 gcc/native/3.4.2.876/avr8-gnu-toolchain/bin/../lib/gcc/avr/4.7.2/avr5\libgcc.a(_mulshisi3.o)
 *(.data*)
 .data.titleScreenState
                0x0080006a        0x2 src/ledpong.o
                0x0080006a                titleScreenState
 *(.rodata)
 *(.rodata*)
 .rodata.str1.1
                0x0080006c        0xa src/ledpong.o
 *(.gnu.linkonce.d*)
                0x00800076                . = ALIGN (0x2)
                0x00800076                _edata = .
                0x00800076                PROVIDE (__data_end, .)

.bss            0x00800076      0x1d2
                0x00800076                PROVIDE (__bss_start, .)
 *(.bss)
 *(.bss*)
 .bss.frames    0x00800076        0x2 src/ledpong.o
                0x00800076                frames
 .bss.pennies   0x00800078        0x1 src/ledpong.o
                0x00800078                pennies
 .bss.paidToPlay
                0x00800079        0x2 src/ledpong.o
                0x00800079                paidToPlay
 .bss.activePanel
                0x0080007b        0x2 src/RGB-matrix-Panel/RGBmatrixPanel.o
 *(COMMON)
 COMMON         0x0080007d      0x1c7 src/main.o
                0x0080007d                flag
                0x0080007e                voltage
                0x0080017d                music
                0x00800183                keypad
                0x008001ab                ledpong
 COMMON         0x00800244        0x4 c:/program files/atmel/atmel toolchain/avr8 gcc/native/3.4.2.876/avr8-gnu-toolchain/bin/../lib/gcc/avr/4.7.2/../../../../avr/lib/avr5\libc.a(malloc.o)
                0x00800244                __brkval
                0x00800246                __flp
                0x00800248                PROVIDE (__bss_end, .)
                0x00006386                __data_load_start = LOADADDR (.data)
                0x0000639c                __data_load_end = (__data_load_start + SIZEOF (.data))

.noinit         0x00800248        0x0
                0x00800248                PROVIDE (__noinit_start, .)
 *(.noinit*)
                0x00800248                PROVIDE (__noinit_end, .)
                0x00800248                _end = .
                0x00800248                PROVIDE (__heap_start, .)

.eeprom         0x00810000        0x0
 *(.eeprom*)
                0x00810000                __eeprom_end = .

.fuse
 *(.fuse)
 *(.lfuse)
 *(.hfuse)
 *(.efuse)

.lock
 *(.lock*)

.signature
 *(.signature*)

.user_signatures
 *(.user_signatures*)

.stab           0x00000000      0xd74
 *(.stab)
 .stab          0x00000000      0x6cc c:/program files/atmel/atmel toolchain/avr8 gcc/native/3.4.2.876/avr8-gnu-toolchain/bin/../lib/gcc/avr/4.7.2/../../../../avr/lib/avr5/crtm32.o
 .stab          0x000006cc       0x84 c:/program files/atmel/atmel toolchain/avr8 gcc/native/3.4.2.876/avr8-gnu-toolchain/bin/../lib/gcc/avr/4.7.2/../../../../avr/lib/avr5\libc.a(memcpy.o)
                                 0x90 (size before relaxing)
 .stab          0x00000750       0x6c c:/program files/atmel/atmel toolchain/avr8 gcc/native/3.4.2.876/avr8-gnu-toolchain/bin/../lib/gcc/avr/4.7.2/../../../../avr/lib/avr5\libc.a(memset.o)
                                 0x78 (size before relaxing)
 .stab          0x000007bc       0x9c c:/program files/atmel/atmel toolchain/avr8 gcc/native/3.4.2.876/avr8-gnu-toolchain/bin/../lib/gcc/avr/4.7.2/../../../../avr/lib/avr5\libc.a(strnlen_P.o)
                                 0xa8 (size before relaxing)
 .stab          0x00000858       0x9c c:/program files/atmel/atmel toolchain/avr8 gcc/native/3.4.2.876/avr8-gnu-toolchain/bin/../lib/gcc/avr/4.7.2/../../../../avr/lib/avr5\libc.a(strnlen.o)
                                 0xa8 (size before relaxing)
 .stab          0x000008f4      0x480 c:/program files/atmel/atmel toolchain/avr8 gcc/native/3.4.2.876/avr8-gnu-toolchain/bin/../lib/gcc/avr/4.7.2/../../../../avr/lib/avr5\libc.a(ultoa_invert.o)
                                0x48c (size before relaxing)

.stabstr        0x00000000      0x268
 *(.stabstr)
 .stabstr       0x00000000      0x268 c:/program files/atmel/atmel toolchain/avr8 gcc/native/3.4.2.876/avr8-gnu-toolchain/bin/../lib/gcc/avr/4.7.2/../../../../avr/lib/avr5/crtm32.o

.stab.excl
 *(.stab.excl)

.stab.exclstr
 *(.stab.exclstr)

.stab.index
 *(.stab.index)

.stab.indexstr
 *(.stab.indexstr)

.comment        0x00000000       0x2f
 *(.comment)
 .comment       0x00000000       0x2f src/a2d.o
                                 0x30 (size before relaxing)
 .comment       0x00000000       0x30 src/Adafruit-GFX-Library/Adafruit_GFX.o
 .comment       0x00000000       0x30 src/Adafruit-GFX-Library/glcdfont.o
 .comment       0x00000000       0x30 src/Adafruit-GFX-Library/Print.o
 .comment       0x00000000       0x30 src/ASF/mega/boards/stk600/rcx_x/init.o
 .comment       0x00000000       0x30 src/avr.o
 .comment       0x00000000       0x30 src/ball.o
 .comment       0x00000000       0x30 src/coin.o
 .comment       0x00000000       0x30 src/keypad.o
 .comment       0x00000000       0x30 src/lcd.o
 .comment       0x00000000       0x30 src/ledpong.o
 .comment       0x00000000       0x30 src/main.o
 .comment       0x00000000       0x30 src/nesctrlr.o
 .comment       0x00000000       0x30 src/paddle.o
 .comment       0x00000000       0x30 src/RGB-matrix-Panel/pins_atmega32.o
 .comment       0x00000000       0x30 src/RGB-matrix-Panel/RGBmatrixPanel.o
 .comment       0x00000000       0x30 src/score.o
 .comment       0x00000000       0x30 src/music.o
 .comment       0x00000000       0x30 src/voltage.o
 .comment       0x00000000       0x30 c:/program files/atmel/atmel toolchain/avr8 gcc/native/3.4.2.876/avr8-gnu-toolchain/bin/../lib/gcc/avr/4.7.2/avr5\libgcc.a(_fixunssfsi.o)
 .comment       0x00000000       0x30 c:/program files/atmel/atmel toolchain/avr8 gcc/native/3.4.2.876/avr8-gnu-toolchain/bin/../lib/gcc/avr/4.7.2/avr5\libgcc.a(_addsub_sf.o)
 .comment       0x00000000       0x30 c:/program files/atmel/atmel toolchain/avr8 gcc/native/3.4.2.876/avr8-gnu-toolchain/bin/../lib/gcc/avr/4.7.2/avr5\libgcc.a(_mul_sf.o)
 .comment       0x00000000       0x30 c:/program files/atmel/atmel toolchain/avr8 gcc/native/3.4.2.876/avr8-gnu-toolchain/bin/../lib/gcc/avr/4.7.2/avr5\libgcc.a(_div_sf.o)
 .comment       0x00000000       0x30 c:/program files/atmel/atmel toolchain/avr8 gcc/native/3.4.2.876/avr8-gnu-toolchain/bin/../lib/gcc/avr/4.7.2/avr5\libgcc.a(_gt_sf.o)
 .comment       0x00000000       0x30 c:/program files/atmel/atmel toolchain/avr8 gcc/native/3.4.2.876/avr8-gnu-toolchain/bin/../lib/gcc/avr/4.7.2/avr5\libgcc.a(_ge_sf.o)
 .comment       0x00000000       0x30 c:/program files/atmel/atmel toolchain/avr8 gcc/native/3.4.2.876/avr8-gnu-toolchain/bin/../lib/gcc/avr/4.7.2/avr5\libgcc.a(_lt_sf.o)
 .comment       0x00000000       0x30 c:/program files/atmel/atmel toolchain/avr8 gcc/native/3.4.2.876/avr8-gnu-toolchain/bin/../lib/gcc/avr/4.7.2/avr5\libgcc.a(_le_sf.o)
 .comment       0x00000000       0x30 c:/program files/atmel/atmel toolchain/avr8 gcc/native/3.4.2.876/avr8-gnu-toolchain/bin/../lib/gcc/avr/4.7.2/avr5\libgcc.a(_unord_sf.o)
 .comment       0x00000000       0x30 c:/program files/atmel/atmel toolchain/avr8 gcc/native/3.4.2.876/avr8-gnu-toolchain/bin/../lib/gcc/avr/4.7.2/avr5\libgcc.a(_si_to_sf.o)
 .comment       0x00000000       0x30 c:/program files/atmel/atmel toolchain/avr8 gcc/native/3.4.2.876/avr8-gnu-toolchain/bin/../lib/gcc/avr/4.7.2/avr5\libgcc.a(_sf_to_si.o)
 .comment       0x00000000       0x30 c:/program files/atmel/atmel toolchain/avr8 gcc/native/3.4.2.876/avr8-gnu-toolchain/bin/../lib/gcc/avr/4.7.2/avr5\libgcc.a(_thenan_sf.o)
 .comment       0x00000000       0x30 c:/program files/atmel/atmel toolchain/avr8 gcc/native/3.4.2.876/avr8-gnu-toolchain/bin/../lib/gcc/avr/4.7.2/avr5\libgcc.a(_usi_to_sf.o)
 .comment       0x00000000       0x30 c:/program files/atmel/atmel toolchain/avr8 gcc/native/3.4.2.876/avr8-gnu-toolchain/bin/../lib/gcc/avr/4.7.2/avr5\libgcc.a(_pack_sf.o)
 .comment       0x00000000       0x30 c:/program files/atmel/atmel toolchain/avr8 gcc/native/3.4.2.876/avr8-gnu-toolchain/bin/../lib/gcc/avr/4.7.2/avr5\libgcc.a(_unpack_sf.o)
 .comment       0x00000000       0x30 c:/program files/atmel/atmel toolchain/avr8 gcc/native/3.4.2.876/avr8-gnu-toolchain/bin/../lib/gcc/avr/4.7.2/avr5\libgcc.a(_fpcmp_parts_sf.o)
 .comment       0x00000000       0x30 c:/program files/atmel/atmel toolchain/avr8 gcc/native/3.4.2.876/avr8-gnu-toolchain/bin/../lib/gcc/avr/4.7.2/../../../../avr/lib/avr5\libc.a(malloc.o)
 .comment       0x00000000       0x30 c:/program files/atmel/atmel toolchain/avr8 gcc/native/3.4.2.876/avr8-gnu-toolchain/bin/../lib/gcc/avr/4.7.2/../../../../avr/lib/avr5\libc.a(rand.o)
 .comment       0x00000000       0x30 c:/program files/atmel/atmel toolchain/avr8 gcc/native/3.4.2.876/avr8-gnu-toolchain/bin/../lib/gcc/avr/4.7.2/../../../../avr/lib/avr5\libc.a(sprintf.o)
 .comment       0x00000000       0x30 c:/program files/atmel/atmel toolchain/avr8 gcc/native/3.4.2.876/avr8-gnu-toolchain/bin/../lib/gcc/avr/4.7.2/../../../../avr/lib/avr5\libc.a(vfprintf_std.o)
 .comment       0x00000000       0x30 c:/program files/atmel/atmel toolchain/avr8 gcc/native/3.4.2.876/avr8-gnu-toolchain/bin/../lib/gcc/avr/4.7.2/../../../../avr/lib/avr5\libc.a(fputc.o)

.debug
 *(.debug)

.line
 *(.line)

.debug_srcinfo
 *(.debug_srcinfo)

.debug_sfnames
 *(.debug_sfnames)

.debug_aranges  0x00000000      0x968
 *(.debug_aranges)
 .debug_aranges
                0x00000000       0x48 src/a2d.o
 .debug_aranges
                0x00000048       0xf8 src/Adafruit-GFX-Library/Adafruit_GFX.o
 .debug_aranges
                0x00000140       0x18 src/Adafruit-GFX-Library/glcdfont.o
 .debug_aranges
                0x00000158       0xe0 src/Adafruit-GFX-Library/Print.o
 .debug_aranges
                0x00000238       0x20 src/ASF/mega/boards/stk600/rcx_x/init.o
 .debug_aranges
                0x00000258       0x38 src/avr.o
 .debug_aranges
                0x00000290       0x58 src/ball.o
 .debug_aranges
                0x000002e8       0x20 src/coin.o
 .debug_aranges
                0x00000308       0x40 src/keypad.o
 .debug_aranges
                0x00000348       0x50 src/lcd.o
 .debug_aranges
                0x00000398       0x80 src/ledpong.o
 .debug_aranges
                0x00000418       0x28 src/main.o
 .debug_aranges
                0x00000440       0x38 src/nesctrlr.o
 .debug_aranges
                0x00000478       0x48 src/paddle.o
 .debug_aranges
                0x000004c0       0x20 src/RGB-matrix-Panel/pins_atmega32.o
 .debug_aranges
                0x000004e0       0xa0 src/RGB-matrix-Panel/RGBmatrixPanel.o
 .debug_aranges
                0x00000580       0x30 src/score.o
 .debug_aranges
                0x000005b0       0xb0 src/music.o
 .debug_aranges
                0x00000660       0x50 src/voltage.o
 .debug_aranges
                0x000006b0       0x20 c:/program files/atmel/atmel toolchain/avr8 gcc/native/3.4.2.876/avr8-gnu-toolchain/bin/../lib/gcc/avr/4.7.2/avr5\libgcc.a(_fixunssfsi.o)
 .debug_aranges
                0x000006d0       0x20 c:/program files/atmel/atmel toolchain/avr8 gcc/native/3.4.2.876/avr8-gnu-toolchain/bin/../lib/gcc/avr/4.7.2/avr5\libgcc.a(_addsub_sf.o)
 .debug_aranges
                0x000006f0       0x20 c:/program files/atmel/atmel toolchain/avr8 gcc/native/3.4.2.876/avr8-gnu-toolchain/bin/../lib/gcc/avr/4.7.2/avr5\libgcc.a(_mul_sf.o)
 .debug_aranges
                0x00000710       0x20 c:/program files/atmel/atmel toolchain/avr8 gcc/native/3.4.2.876/avr8-gnu-toolchain/bin/../lib/gcc/avr/4.7.2/avr5\libgcc.a(_div_sf.o)
 .debug_aranges
                0x00000730       0x20 c:/program files/atmel/atmel toolchain/avr8 gcc/native/3.4.2.876/avr8-gnu-toolchain/bin/../lib/gcc/avr/4.7.2/avr5\libgcc.a(_gt_sf.o)
 .debug_aranges
                0x00000750       0x20 c:/program files/atmel/atmel toolchain/avr8 gcc/native/3.4.2.876/avr8-gnu-toolchain/bin/../lib/gcc/avr/4.7.2/avr5\libgcc.a(_ge_sf.o)
 .debug_aranges
                0x00000770       0x20 c:/program files/atmel/atmel toolchain/avr8 gcc/native/3.4.2.876/avr8-gnu-toolchain/bin/../lib/gcc/avr/4.7.2/avr5\libgcc.a(_lt_sf.o)
 .debug_aranges
                0x00000790       0x20 c:/program files/atmel/atmel toolchain/avr8 gcc/native/3.4.2.876/avr8-gnu-toolchain/bin/../lib/gcc/avr/4.7.2/avr5\libgcc.a(_le_sf.o)
 .debug_aranges
                0x000007b0       0x20 c:/program files/atmel/atmel toolchain/avr8 gcc/native/3.4.2.876/avr8-gnu-toolchain/bin/../lib/gcc/avr/4.7.2/avr5\libgcc.a(_unord_sf.o)
 .debug_aranges
                0x000007d0       0x20 c:/program files/atmel/atmel toolchain/avr8 gcc/native/3.4.2.876/avr8-gnu-toolchain/bin/../lib/gcc/avr/4.7.2/avr5\libgcc.a(_si_to_sf.o)
 .debug_aranges
                0x000007f0       0x20 c:/program files/atmel/atmel toolchain/avr8 gcc/native/3.4.2.876/avr8-gnu-toolchain/bin/../lib/gcc/avr/4.7.2/avr5\libgcc.a(_sf_to_si.o)
 .debug_aranges
                0x00000810       0x18 c:/program files/atmel/atmel toolchain/avr8 gcc/native/3.4.2.876/avr8-gnu-toolchain/bin/../lib/gcc/avr/4.7.2/avr5\libgcc.a(_thenan_sf.o)
 .debug_aranges
                0x00000828       0x20 c:/program files/atmel/atmel toolchain/avr8 gcc/native/3.4.2.876/avr8-gnu-toolchain/bin/../lib/gcc/avr/4.7.2/avr5\libgcc.a(_usi_to_sf.o)
 .debug_aranges
                0x00000848       0x20 c:/program files/atmel/atmel toolchain/avr8 gcc/native/3.4.2.876/avr8-gnu-toolchain/bin/../lib/gcc/avr/4.7.2/avr5\libgcc.a(_pack_sf.o)
 .debug_aranges
                0x00000868       0x20 c:/program files/atmel/atmel toolchain/avr8 gcc/native/3.4.2.876/avr8-gnu-toolchain/bin/../lib/gcc/avr/4.7.2/avr5\libgcc.a(_unpack_sf.o)
 .debug_aranges
                0x00000888       0x20 c:/program files/atmel/atmel toolchain/avr8 gcc/native/3.4.2.876/avr8-gnu-toolchain/bin/../lib/gcc/avr/4.7.2/avr5\libgcc.a(_fpcmp_parts_sf.o)
 .debug_aranges
                0x000008a8       0x28 c:/program files/atmel/atmel toolchain/avr8 gcc/native/3.4.2.876/avr8-gnu-toolchain/bin/../lib/gcc/avr/4.7.2/../../../../avr/lib/avr5\libc.a(malloc.o)
 .debug_aranges
                0x000008d0       0x38 c:/program files/atmel/atmel toolchain/avr8 gcc/native/3.4.2.876/avr8-gnu-toolchain/bin/../lib/gcc/avr/4.7.2/../../../../avr/lib/avr5\libc.a(rand.o)
 .debug_aranges
                0x00000908       0x20 c:/program files/atmel/atmel toolchain/avr8 gcc/native/3.4.2.876/avr8-gnu-toolchain/bin/../lib/gcc/avr/4.7.2/../../../../avr/lib/avr5\libc.a(sprintf.o)
 .debug_aranges
                0x00000928       0x20 c:/program files/atmel/atmel toolchain/avr8 gcc/native/3.4.2.876/avr8-gnu-toolchain/bin/../lib/gcc/avr/4.7.2/../../../../avr/lib/avr5\libc.a(vfprintf_std.o)
 .debug_aranges
                0x00000948       0x20 c:/program files/atmel/atmel toolchain/avr8 gcc/native/3.4.2.876/avr8-gnu-toolchain/bin/../lib/gcc/avr/4.7.2/../../../../avr/lib/avr5\libc.a(fputc.o)

.debug_pubnames
 *(.debug_pubnames)

.debug_info     0x00000000     0xc946
 *(.debug_info)
 .debug_info    0x00000000      0x132 src/a2d.o
 .debug_info    0x00000132     0x1f11 src/Adafruit-GFX-Library/Adafruit_GFX.o
 .debug_info    0x00002043       0x82 src/Adafruit-GFX-Library/glcdfont.o
 .debug_info    0x000020c5      0xea6 src/Adafruit-GFX-Library/Print.o
 .debug_info    0x00002f6b       0x7c src/ASF/mega/boards/stk600/rcx_x/init.o
 .debug_info    0x00002fe7      0x11e src/avr.o
 .debug_info    0x00003105      0x781 src/ball.o
 .debug_info    0x00003886       0x8e src/coin.o
 .debug_info    0x00003914      0x386 src/keypad.o
 .debug_info    0x00003c9a      0x429 src/lcd.o
 .debug_info    0x000040c3     0x1801 src/ledpong.o
 .debug_info    0x000058c4      0xaa7 src/main.o
 .debug_info    0x0000636b      0x27b src/nesctrlr.o
 .debug_info    0x000065e6      0x734 src/paddle.o
 .debug_info    0x00006d1a      0x278 src/RGB-matrix-Panel/pins_atmega32.o
 .debug_info    0x00006f92     0x12c6 src/RGB-matrix-Panel/RGBmatrixPanel.o
 .debug_info    0x00008258       0xca src/score.o
 .debug_info    0x00008322      0x68d src/music.o
 .debug_info    0x000089af      0x491 src/voltage.o
 .debug_info    0x00008e40       0xbe c:/program files/atmel/atmel toolchain/avr8 gcc/native/3.4.2.876/avr8-gnu-toolchain/bin/../lib/gcc/avr/4.7.2/avr5\libgcc.a(_fixunssfsi.o)
 .debug_info    0x00008efe      0x589 c:/program files/atmel/atmel toolchain/avr8 gcc/native/3.4.2.876/avr8-gnu-toolchain/bin/../lib/gcc/avr/4.7.2/avr5\libgcc.a(_addsub_sf.o)
 .debug_info    0x00009487      0x47c c:/program files/atmel/atmel toolchain/avr8 gcc/native/3.4.2.876/avr8-gnu-toolchain/bin/../lib/gcc/avr/4.7.2/avr5\libgcc.a(_mul_sf.o)
 .debug_info    0x00009903      0x403 c:/program files/atmel/atmel toolchain/avr8 gcc/native/3.4.2.876/avr8-gnu-toolchain/bin/../lib/gcc/avr/4.7.2/avr5\libgcc.a(_div_sf.o)
 .debug_info    0x00009d06      0x32d c:/program files/atmel/atmel toolchain/avr8 gcc/native/3.4.2.876/avr8-gnu-toolchain/bin/../lib/gcc/avr/4.7.2/avr5\libgcc.a(_gt_sf.o)
 .debug_info    0x0000a033      0x32d c:/program files/atmel/atmel toolchain/avr8 gcc/native/3.4.2.876/avr8-gnu-toolchain/bin/../lib/gcc/avr/4.7.2/avr5\libgcc.a(_ge_sf.o)
 .debug_info    0x0000a360      0x32d c:/program files/atmel/atmel toolchain/avr8 gcc/native/3.4.2.876/avr8-gnu-toolchain/bin/../lib/gcc/avr/4.7.2/avr5\libgcc.a(_lt_sf.o)
 .debug_info    0x0000a68d      0x32d c:/program files/atmel/atmel toolchain/avr8 gcc/native/3.4.2.876/avr8-gnu-toolchain/bin/../lib/gcc/avr/4.7.2/avr5\libgcc.a(_le_sf.o)
 .debug_info    0x0000a9ba      0x313 c:/program files/atmel/atmel toolchain/avr8 gcc/native/3.4.2.876/avr8-gnu-toolchain/bin/../lib/gcc/avr/4.7.2/avr5\libgcc.a(_unord_sf.o)
 .debug_info    0x0000accd      0x261 c:/program files/atmel/atmel toolchain/avr8 gcc/native/3.4.2.876/avr8-gnu-toolchain/bin/../lib/gcc/avr/4.7.2/avr5\libgcc.a(_si_to_sf.o)
 .debug_info    0x0000af2e      0x2e6 c:/program files/atmel/atmel toolchain/avr8 gcc/native/3.4.2.876/avr8-gnu-toolchain/bin/../lib/gcc/avr/4.7.2/avr5\libgcc.a(_sf_to_si.o)
 .debug_info    0x0000b214      0x150 c:/program files/atmel/atmel toolchain/avr8 gcc/native/3.4.2.876/avr8-gnu-toolchain/bin/../lib/gcc/avr/4.7.2/avr5\libgcc.a(_thenan_sf.o)
 .debug_info    0x0000b364      0x264 c:/program files/atmel/atmel toolchain/avr8 gcc/native/3.4.2.876/avr8-gnu-toolchain/bin/../lib/gcc/avr/4.7.2/avr5\libgcc.a(_usi_to_sf.o)
 .debug_info    0x0000b5c8      0x2d2 c:/program files/atmel/atmel toolchain/avr8 gcc/native/3.4.2.876/avr8-gnu-toolchain/bin/../lib/gcc/avr/4.7.2/avr5\libgcc.a(_pack_sf.o)
 .debug_info    0x0000b89a      0x268 c:/program files/atmel/atmel toolchain/avr8 gcc/native/3.4.2.876/avr8-gnu-toolchain/bin/../lib/gcc/avr/4.7.2/avr5\libgcc.a(_unpack_sf.o)
 .debug_info    0x0000bb02      0x1ef c:/program files/atmel/atmel toolchain/avr8 gcc/native/3.4.2.876/avr8-gnu-toolchain/bin/../lib/gcc/avr/4.7.2/avr5\libgcc.a(_fpcmp_parts_sf.o)
 .debug_info    0x0000bcf1      0x23d c:/program files/atmel/atmel toolchain/avr8 gcc/native/3.4.2.876/avr8-gnu-toolchain/bin/../lib/gcc/avr/4.7.2/../../../../avr/lib/avr5\libc.a(malloc.o)
 .debug_info    0x0000bf2e      0x157 c:/program files/atmel/atmel toolchain/avr8 gcc/native/3.4.2.876/avr8-gnu-toolchain/bin/../lib/gcc/avr/4.7.2/../../../../avr/lib/avr5\libc.a(rand.o)
 .debug_info    0x0000c085      0x204 c:/program files/atmel/atmel toolchain/avr8 gcc/native/3.4.2.876/avr8-gnu-toolchain/bin/../lib/gcc/avr/4.7.2/../../../../avr/lib/avr5\libc.a(sprintf.o)
 .debug_info    0x0000c289      0x549 c:/program files/atmel/atmel toolchain/avr8 gcc/native/3.4.2.876/avr8-gnu-toolchain/bin/../lib/gcc/avr/4.7.2/../../../../avr/lib/avr5\libc.a(vfprintf_std.o)
 .debug_info    0x0000c7d2      0x174 c:/program files/atmel/atmel toolchain/avr8 gcc/native/3.4.2.876/avr8-gnu-toolchain/bin/../lib/gcc/avr/4.7.2/../../../../avr/lib/avr5\libc.a(fputc.o)
 *(.gnu.linkonce.wi.*)

.debug_abbrev   0x00000000     0x3780
 *(.debug_abbrev)
 .debug_abbrev  0x00000000       0x93 src/a2d.o
 .debug_abbrev  0x00000093      0x220 src/Adafruit-GFX-Library/Adafruit_GFX.o
 .debug_abbrev  0x000002b3       0x4f src/Adafruit-GFX-Library/glcdfont.o
 .debug_abbrev  0x00000302      0x1dc src/Adafruit-GFX-Library/Print.o
 .debug_abbrev  0x000004de       0x47 src/ASF/mega/boards/stk600/rcx_x/init.o
 .debug_abbrev  0x00000525       0xac src/avr.o
 .debug_abbrev  0x000005d1      0x170 src/ball.o
 .debug_abbrev  0x00000741       0x54 src/coin.o
 .debug_abbrev  0x00000795      0x17f src/keypad.o
 .debug_abbrev  0x00000914      0x1c8 src/lcd.o
 .debug_abbrev  0x00000adc      0x28a src/ledpong.o
 .debug_abbrev  0x00000d66      0x16e src/main.o
 .debug_abbrev  0x00000ed4      0x10a src/nesctrlr.o
 .debug_abbrev  0x00000fde      0x152 src/paddle.o
 .debug_abbrev  0x00001130       0xed src/RGB-matrix-Panel/pins_atmega32.o
 .debug_abbrev  0x0000121d      0x2e3 src/RGB-matrix-Panel/RGBmatrixPanel.o
 .debug_abbrev  0x00001500       0x8c src/score.o
 .debug_abbrev  0x0000158c      0x1c6 src/music.o
 .debug_abbrev  0x00001752      0x1c3 src/voltage.o
 .debug_abbrev  0x00001915       0x60 c:/program files/atmel/atmel toolchain/avr8 gcc/native/3.4.2.876/avr8-gnu-toolchain/bin/../lib/gcc/avr/4.7.2/avr5\libgcc.a(_fixunssfsi.o)
 .debug_abbrev  0x00001975      0x215 c:/program files/atmel/atmel toolchain/avr8 gcc/native/3.4.2.876/avr8-gnu-toolchain/bin/../lib/gcc/avr/4.7.2/avr5\libgcc.a(_addsub_sf.o)
 .debug_abbrev  0x00001b8a      0x228 c:/program files/atmel/atmel toolchain/avr8 gcc/native/3.4.2.876/avr8-gnu-toolchain/bin/../lib/gcc/avr/4.7.2/avr5\libgcc.a(_mul_sf.o)
 .debug_abbrev  0x00001db2      0x21a c:/program files/atmel/atmel toolchain/avr8 gcc/native/3.4.2.876/avr8-gnu-toolchain/bin/../lib/gcc/avr/4.7.2/avr5\libgcc.a(_div_sf.o)
 .debug_abbrev  0x00001fcc      0x1a5 c:/program files/atmel/atmel toolchain/avr8 gcc/native/3.4.2.876/avr8-gnu-toolchain/bin/../lib/gcc/avr/4.7.2/avr5\libgcc.a(_gt_sf.o)
 .debug_abbrev  0x00002171      0x1a5 c:/program files/atmel/atmel toolchain/avr8 gcc/native/3.4.2.876/avr8-gnu-toolchain/bin/../lib/gcc/avr/4.7.2/avr5\libgcc.a(_ge_sf.o)
 .debug_abbrev  0x00002316      0x1a5 c:/program files/atmel/atmel toolchain/avr8 gcc/native/3.4.2.876/avr8-gnu-toolchain/bin/../lib/gcc/avr/4.7.2/avr5\libgcc.a(_lt_sf.o)
 .debug_abbrev  0x000024bb      0x1a5 c:/program files/atmel/atmel toolchain/avr8 gcc/native/3.4.2.876/avr8-gnu-toolchain/bin/../lib/gcc/avr/4.7.2/avr5\libgcc.a(_le_sf.o)
 .debug_abbrev  0x00002660      0x1b3 c:/program files/atmel/atmel toolchain/avr8 gcc/native/3.4.2.876/avr8-gnu-toolchain/bin/../lib/gcc/avr/4.7.2/avr5\libgcc.a(_unord_sf.o)
 .debug_abbrev  0x00002813      0x19c c:/program files/atmel/atmel toolchain/avr8 gcc/native/3.4.2.876/avr8-gnu-toolchain/bin/../lib/gcc/avr/4.7.2/avr5\libgcc.a(_si_to_sf.o)
 .debug_abbrev  0x000029af      0x194 c:/program files/atmel/atmel toolchain/avr8 gcc/native/3.4.2.876/avr8-gnu-toolchain/bin/../lib/gcc/avr/4.7.2/avr5\libgcc.a(_sf_to_si.o)
 .debug_abbrev  0x00002b43       0xb6 c:/program files/atmel/atmel toolchain/avr8 gcc/native/3.4.2.876/avr8-gnu-toolchain/bin/../lib/gcc/avr/4.7.2/avr5\libgcc.a(_thenan_sf.o)
 .debug_abbrev  0x00002bf9      0x1b6 c:/program files/atmel/atmel toolchain/avr8 gcc/native/3.4.2.876/avr8-gnu-toolchain/bin/../lib/gcc/avr/4.7.2/avr5\libgcc.a(_usi_to_sf.o)
 .debug_abbrev  0x00002daf      0x195 c:/program files/atmel/atmel toolchain/avr8 gcc/native/3.4.2.876/avr8-gnu-toolchain/bin/../lib/gcc/avr/4.7.2/avr5\libgcc.a(_pack_sf.o)
 .debug_abbrev  0x00002f44      0x15f c:/program files/atmel/atmel toolchain/avr8 gcc/native/3.4.2.876/avr8-gnu-toolchain/bin/../lib/gcc/avr/4.7.2/avr5\libgcc.a(_unpack_sf.o)
 .debug_abbrev  0x000030a3      0x11d c:/program files/atmel/atmel toolchain/avr8 gcc/native/3.4.2.876/avr8-gnu-toolchain/bin/../lib/gcc/avr/4.7.2/avr5\libgcc.a(_fpcmp_parts_sf.o)
 .debug_abbrev  0x000031c0       0xf9 c:/program files/atmel/atmel toolchain/avr8 gcc/native/3.4.2.876/avr8-gnu-toolchain/bin/../lib/gcc/avr/4.7.2/../../../../avr/lib/avr5\libc.a(malloc.o)
 .debug_abbrev  0x000032b9       0xd6 c:/program files/atmel/atmel toolchain/avr8 gcc/native/3.4.2.876/avr8-gnu-toolchain/bin/../lib/gcc/avr/4.7.2/../../../../avr/lib/avr5\libc.a(rand.o)
 .debug_abbrev  0x0000338f      0x12a c:/program files/atmel/atmel toolchain/avr8 gcc/native/3.4.2.876/avr8-gnu-toolchain/bin/../lib/gcc/avr/4.7.2/../../../../avr/lib/avr5\libc.a(sprintf.o)
 .debug_abbrev  0x000034b9      0x1d6 c:/program files/atmel/atmel toolchain/avr8 gcc/native/3.4.2.876/avr8-gnu-toolchain/bin/../lib/gcc/avr/4.7.2/../../../../avr/lib/avr5\libc.a(vfprintf_std.o)
 .debug_abbrev  0x0000368f       0xf1 c:/program files/atmel/atmel toolchain/avr8 gcc/native/3.4.2.876/avr8-gnu-toolchain/bin/../lib/gcc/avr/4.7.2/../../../../avr/lib/avr5\libc.a(fputc.o)

.debug_line     0x00000000     0x7468
 *(.debug_line)
 .debug_line    0x00000000      0x323 src/a2d.o
 .debug_line    0x00000323      0xba8 src/Adafruit-GFX-Library/Adafruit_GFX.o
 .debug_line    0x00000ecb      0x263 src/Adafruit-GFX-Library/glcdfont.o
 .debug_line    0x0000112e      0x63c src/Adafruit-GFX-Library/Print.o
 .debug_line    0x0000176a      0x37a src/ASF/mega/boards/stk600/rcx_x/init.o
 .debug_line    0x00001ae4      0x315 src/avr.o
 .debug_line    0x00001df9      0x30a src/ball.o
 .debug_line    0x00002103      0x294 src/coin.o
 .debug_line    0x00002397      0x52a src/keypad.o
 .debug_line    0x000028c1      0x445 src/lcd.o
 .debug_line    0x00002d06      0x96b src/ledpong.o
 .debug_line    0x00003671      0x4e2 src/main.o
 .debug_line    0x00003b53      0x7e6 src/nesctrlr.o
 .debug_line    0x00004339      0x2b4 src/paddle.o
 .debug_line    0x000045ed      0x413 src/RGB-matrix-Panel/pins_atmega32.o
 .debug_line    0x00004a00      0xba1 src/RGB-matrix-Panel/RGBmatrixPanel.o
 .debug_line    0x000055a1       0x79 src/score.o
 .debug_line    0x0000561a      0x697 src/music.o
 .debug_line    0x00005cb1      0x461 src/voltage.o
 .debug_line    0x00006112       0x84 c:/program files/atmel/atmel toolchain/avr8 gcc/native/3.4.2.876/avr8-gnu-toolchain/bin/../lib/gcc/avr/4.7.2/avr5\libgcc.a(_fixunssfsi.o)
 .debug_line    0x00006196       0xe7 c:/program files/atmel/atmel toolchain/avr8 gcc/native/3.4.2.876/avr8-gnu-toolchain/bin/../lib/gcc/avr/4.7.2/avr5\libgcc.a(_addsub_sf.o)
 .debug_line    0x0000627d       0xe8 c:/program files/atmel/atmel toolchain/avr8 gcc/native/3.4.2.876/avr8-gnu-toolchain/bin/../lib/gcc/avr/4.7.2/avr5\libgcc.a(_mul_sf.o)
 .debug_line    0x00006365       0xc8 c:/program files/atmel/atmel toolchain/avr8 gcc/native/3.4.2.876/avr8-gnu-toolchain/bin/../lib/gcc/avr/4.7.2/avr5\libgcc.a(_div_sf.o)
 .debug_line    0x0000642d       0xe1 c:/program files/atmel/atmel toolchain/avr8 gcc/native/3.4.2.876/avr8-gnu-toolchain/bin/../lib/gcc/avr/4.7.2/avr5\libgcc.a(_gt_sf.o)
 .debug_line    0x0000650e       0xe1 c:/program files/atmel/atmel toolchain/avr8 gcc/native/3.4.2.876/avr8-gnu-toolchain/bin/../lib/gcc/avr/4.7.2/avr5\libgcc.a(_ge_sf.o)
 .debug_line    0x000065ef       0xe1 c:/program files/atmel/atmel toolchain/avr8 gcc/native/3.4.2.876/avr8-gnu-toolchain/bin/../lib/gcc/avr/4.7.2/avr5\libgcc.a(_lt_sf.o)
 .debug_line    0x000066d0       0xe1 c:/program files/atmel/atmel toolchain/avr8 gcc/native/3.4.2.876/avr8-gnu-toolchain/bin/../lib/gcc/avr/4.7.2/avr5\libgcc.a(_le_sf.o)
 .debug_line    0x000067b1       0xe8 c:/program files/atmel/atmel toolchain/avr8 gcc/native/3.4.2.876/avr8-gnu-toolchain/bin/../lib/gcc/avr/4.7.2/avr5\libgcc.a(_unord_sf.o)
 .debug_line    0x00006899       0x9a c:/program files/atmel/atmel toolchain/avr8 gcc/native/3.4.2.876/avr8-gnu-toolchain/bin/../lib/gcc/avr/4.7.2/avr5\libgcc.a(_si_to_sf.o)
 .debug_line    0x00006933       0x96 c:/program files/atmel/atmel toolchain/avr8 gcc/native/3.4.2.876/avr8-gnu-toolchain/bin/../lib/gcc/avr/4.7.2/avr5\libgcc.a(_sf_to_si.o)
 .debug_line    0x000069c9       0x6e c:/program files/atmel/atmel toolchain/avr8 gcc/native/3.4.2.876/avr8-gnu-toolchain/bin/../lib/gcc/avr/4.7.2/avr5\libgcc.a(_thenan_sf.o)
 .debug_line    0x00006a37       0x9c c:/program files/atmel/atmel toolchain/avr8 gcc/native/3.4.2.876/avr8-gnu-toolchain/bin/../lib/gcc/avr/4.7.2/avr5\libgcc.a(_usi_to_sf.o)
 .debug_line    0x00006ad3       0xbf c:/program files/atmel/atmel toolchain/avr8 gcc/native/3.4.2.876/avr8-gnu-toolchain/bin/../lib/gcc/avr/4.7.2/avr5\libgcc.a(_pack_sf.o)
 .debug_line    0x00006b92       0xa2 c:/program files/atmel/atmel toolchain/avr8 gcc/native/3.4.2.876/avr8-gnu-toolchain/bin/../lib/gcc/avr/4.7.2/avr5\libgcc.a(_unpack_sf.o)
 .debug_line    0x00006c34       0xba c:/program files/atmel/atmel toolchain/avr8 gcc/native/3.4.2.876/avr8-gnu-toolchain/bin/../lib/gcc/avr/4.7.2/avr5\libgcc.a(_fpcmp_parts_sf.o)
 .debug_line    0x00006cee      0x1c8 c:/program files/atmel/atmel toolchain/avr8 gcc/native/3.4.2.876/avr8-gnu-toolchain/bin/../lib/gcc/avr/4.7.2/../../../../avr/lib/avr5\libc.a(malloc.o)
 .debug_line    0x00006eb6       0x8c c:/program files/atmel/atmel toolchain/avr8 gcc/native/3.4.2.876/avr8-gnu-toolchain/bin/../lib/gcc/avr/4.7.2/../../../../avr/lib/avr5\libc.a(rand.o)
 .debug_line    0x00006f42      0x14e c:/program files/atmel/atmel toolchain/avr8 gcc/native/3.4.2.876/avr8-gnu-toolchain/bin/../lib/gcc/avr/4.7.2/../../../../avr/lib/avr5\libc.a(sprintf.o)
 .debug_line    0x00007090      0x2fe c:/program files/atmel/atmel toolchain/avr8 gcc/native/3.4.2.876/avr8-gnu-toolchain/bin/../lib/gcc/avr/4.7.2/../../../../avr/lib/avr5\libc.a(vfprintf_std.o)
 .debug_line    0x0000738e       0xda c:/program files/atmel/atmel toolchain/avr8 gcc/native/3.4.2.876/avr8-gnu-toolchain/bin/../lib/gcc/avr/4.7.2/../../../../avr/lib/avr5\libc.a(fputc.o)

.debug_frame    0x00000000     0x1b74
 *(.debug_frame)
 .debug_frame   0x00000000       0x74 src/a2d.o
 .debug_frame   0x00000074      0x6ec src/Adafruit-GFX-Library/Adafruit_GFX.o
 .debug_frame   0x00000760      0x34c src/Adafruit-GFX-Library/Print.o
 .debug_frame   0x00000aac       0x24 src/ASF/mega/boards/stk600/rcx_x/init.o
 .debug_frame   0x00000ad0       0x54 src/avr.o
 .debug_frame   0x00000b24       0xa4 src/ball.o
 .debug_frame   0x00000bc8       0x24 src/coin.o
 .debug_frame   0x00000bec       0xac src/keypad.o
 .debug_frame   0x00000c98       0x98 src/lcd.o
 .debug_frame   0x00000d30      0x210 src/ledpong.o
 .debug_frame   0x00000f40       0x34 src/main.o
 .debug_frame   0x00000f74       0x60 src/nesctrlr.o
 .debug_frame   0x00000fd4       0x88 src/paddle.o
 .debug_frame   0x0000105c       0x30 src/RGB-matrix-Panel/pins_atmega32.o
 .debug_frame   0x0000108c      0x2a8 src/RGB-matrix-Panel/RGBmatrixPanel.o
 .debug_frame   0x00001334       0x44 src/score.o
 .debug_frame   0x00001378      0x214 src/music.o
 .debug_frame   0x0000158c       0xfc src/voltage.o
 .debug_frame   0x00001688       0x44 c:/program files/atmel/atmel toolchain/avr8 gcc/native/3.4.2.876/avr8-gnu-toolchain/bin/../lib/gcc/avr/4.7.2/avr5\libgcc.a(_fixunssfsi.o)
 .debug_frame   0x000016cc       0x78 c:/program files/atmel/atmel toolchain/avr8 gcc/native/3.4.2.876/avr8-gnu-toolchain/bin/../lib/gcc/avr/4.7.2/avr5\libgcc.a(_addsub_sf.o)
 .debug_frame   0x00001744       0x48 c:/program files/atmel/atmel toolchain/avr8 gcc/native/3.4.2.876/avr8-gnu-toolchain/bin/../lib/gcc/avr/4.7.2/avr5\libgcc.a(_mul_sf.o)
 .debug_frame   0x0000178c       0x38 c:/program files/atmel/atmel toolchain/avr8 gcc/native/3.4.2.876/avr8-gnu-toolchain/bin/../lib/gcc/avr/4.7.2/avr5\libgcc.a(_div_sf.o)
 .debug_frame   0x000017c4       0x2c c:/program files/atmel/atmel toolchain/avr8 gcc/native/3.4.2.876/avr8-gnu-toolchain/bin/../lib/gcc/avr/4.7.2/avr5\libgcc.a(_gt_sf.o)
 .debug_frame   0x000017f0       0x2c c:/program files/atmel/atmel toolchain/avr8 gcc/native/3.4.2.876/avr8-gnu-toolchain/bin/../lib/gcc/avr/4.7.2/avr5\libgcc.a(_ge_sf.o)
 .debug_frame   0x0000181c       0x2c c:/program files/atmel/atmel toolchain/avr8 gcc/native/3.4.2.876/avr8-gnu-toolchain/bin/../lib/gcc/avr/4.7.2/avr5\libgcc.a(_lt_sf.o)
 .debug_frame   0x00001848       0x2c c:/program files/atmel/atmel toolchain/avr8 gcc/native/3.4.2.876/avr8-gnu-toolchain/bin/../lib/gcc/avr/4.7.2/avr5\libgcc.a(_le_sf.o)
 .debug_frame   0x00001874       0x2c c:/program files/atmel/atmel toolchain/avr8 gcc/native/3.4.2.876/avr8-gnu-toolchain/bin/../lib/gcc/avr/4.7.2/avr5\libgcc.a(_unord_sf.o)
 .debug_frame   0x000018a0       0x30 c:/program files/atmel/atmel toolchain/avr8 gcc/native/3.4.2.876/avr8-gnu-toolchain/bin/../lib/gcc/avr/4.7.2/avr5\libgcc.a(_si_to_sf.o)
 .debug_frame   0x000018d0       0x30 c:/program files/atmel/atmel toolchain/avr8 gcc/native/3.4.2.876/avr8-gnu-toolchain/bin/../lib/gcc/avr/4.7.2/avr5\libgcc.a(_sf_to_si.o)
 .debug_frame   0x00001900       0x38 c:/program files/atmel/atmel toolchain/avr8 gcc/native/3.4.2.876/avr8-gnu-toolchain/bin/../lib/gcc/avr/4.7.2/avr5\libgcc.a(_usi_to_sf.o)
 .debug_frame   0x00001938       0x38 c:/program files/atmel/atmel toolchain/avr8 gcc/native/3.4.2.876/avr8-gnu-toolchain/bin/../lib/gcc/avr/4.7.2/avr5\libgcc.a(_pack_sf.o)
 .debug_frame   0x00001970       0x34 c:/program files/atmel/atmel toolchain/avr8 gcc/native/3.4.2.876/avr8-gnu-toolchain/bin/../lib/gcc/avr/4.7.2/avr5\libgcc.a(_unpack_sf.o)
 .debug_frame   0x000019a4       0x2c c:/program files/atmel/atmel toolchain/avr8 gcc/native/3.4.2.876/avr8-gnu-toolchain/bin/../lib/gcc/avr/4.7.2/avr5\libgcc.a(_fpcmp_parts_sf.o)
 .debug_frame   0x000019d0       0x68 c:/program files/atmel/atmel toolchain/avr8 gcc/native/3.4.2.876/avr8-gnu-toolchain/bin/../lib/gcc/avr/4.7.2/../../../../avr/lib/avr5\libc.a(malloc.o)
 .debug_frame   0x00001a38       0x88 c:/program files/atmel/atmel toolchain/avr8 gcc/native/3.4.2.876/avr8-gnu-toolchain/bin/../lib/gcc/avr/4.7.2/../../../../avr/lib/avr5\libc.a(rand.o)
 .debug_frame   0x00001ac0       0x30 c:/program files/atmel/atmel toolchain/avr8 gcc/native/3.4.2.876/avr8-gnu-toolchain/bin/../lib/gcc/avr/4.7.2/../../../../avr/lib/avr5\libc.a(sprintf.o)
 .debug_frame   0x00001af0       0x4c c:/program files/atmel/atmel toolchain/avr8 gcc/native/3.4.2.876/avr8-gnu-toolchain/bin/../lib/gcc/avr/4.7.2/../../../../avr/lib/avr5\libc.a(vfprintf_std.o)
 .debug_frame   0x00001b3c       0x38 c:/program files/atmel/atmel toolchain/avr8 gcc/native/3.4.2.876/avr8-gnu-toolchain/bin/../lib/gcc/avr/4.7.2/../../../../avr/lib/avr5\libc.a(fputc.o)

.debug_str      0x00000000     0xd10a
 *(.debug_str)
 .debug_str     0x00000000     0x5d85 src/a2d.o
                               0x5e5a (size before relaxing)
 .debug_str     0x00005d85      0xb09 src/Adafruit-GFX-Library/Adafruit_GFX.o
                               0x657c (size before relaxing)
 .debug_str     0x0000688e       0x27 src/Adafruit-GFX-Library/glcdfont.o
                               0x5995 (size before relaxing)
 .debug_str     0x000068b5      0x6d4 src/Adafruit-GFX-Library/Print.o
                               0x34b2 (size before relaxing)
 .debug_str     0x00006f89     0x44b9 src/ASF/mega/boards/stk600/rcx_x/init.o
                               0xa476 (size before relaxing)
 .debug_str     0x0000b442       0x40 src/avr.o
                               0x5e17 (size before relaxing)
 .debug_str     0x0000b482      0x346 src/ball.o
                               0x326f (size before relaxing)
 .debug_str     0x0000b7c8      0x116 src/coin.o
                               0x5edf (size before relaxing)
 .debug_str     0x0000b8de      0x143 src/keypad.o
                               0x5f18 (size before relaxing)
 .debug_str     0x0000ba21       0x79 src/lcd.o
                               0x5e9f (size before relaxing)
 .debug_str     0x0000ba9a      0x96d src/ledpong.o
                               0xbae1 (size before relaxing)
 .debug_str     0x0000c407       0x5c src/main.o
                               0xb762 (size before relaxing)
 .debug_str     0x0000c463       0x52 src/nesctrlr.o
                               0x611b (size before relaxing)
 .debug_str     0x0000c4b5       0x3a src/paddle.o
                               0x2ffd (size before relaxing)
 .debug_str     0x0000c4ef       0xb6 src/RGB-matrix-Panel/pins_atmega32.o
                               0xa6bc (size before relaxing)
 .debug_str     0x0000c5a5      0x2f7 src/RGB-matrix-Panel/RGBmatrixPanel.o
                               0x6eb3 (size before relaxing)
 .debug_str     0x0000c89c       0x1b src/score.o
                               0x18c2 (size before relaxing)
 .debug_str     0x0000c8b7      0x16a src/music.o
                               0xa972 (size before relaxing)
 .debug_str     0x0000ca21       0xfd src/voltage.o
                               0x6015 (size before relaxing)
 .debug_str     0x0000cb1e       0xca c:/program files/atmel/atmel toolchain/avr8 gcc/native/3.4.2.876/avr8-gnu-toolchain/bin/../lib/gcc/avr/4.7.2/avr5\libgcc.a(_fixunssfsi.o)
                                0x14f (size before relaxing)
 .debug_str     0x0000cbe8      0x175 c:/program files/atmel/atmel toolchain/avr8 gcc/native/3.4.2.876/avr8-gnu-toolchain/bin/../lib/gcc/avr/4.7.2/avr5\libgcc.a(_addsub_sf.o)
                                0x28a (size before relaxing)
 .debug_str     0x0000cd5d       0x27 c:/program files/atmel/atmel toolchain/avr8 gcc/native/3.4.2.876/avr8-gnu-toolchain/bin/../lib/gcc/avr/4.7.2/avr5\libgcc.a(_mul_sf.o)
                                0x243 (size before relaxing)
 .debug_str     0x0000cd84       0x35 c:/program files/atmel/atmel toolchain/avr8 gcc/native/3.4.2.876/avr8-gnu-toolchain/bin/../lib/gcc/avr/4.7.2/avr5\libgcc.a(_div_sf.o)
                                0x24c (size before relaxing)
 .debug_str     0x0000cdb9       0x1f c:/program files/atmel/atmel toolchain/avr8 gcc/native/3.4.2.876/avr8-gnu-toolchain/bin/../lib/gcc/avr/4.7.2/avr5\libgcc.a(_gt_sf.o)
                                0x218 (size before relaxing)
 .debug_str     0x0000cdd8        0x8 c:/program files/atmel/atmel toolchain/avr8 gcc/native/3.4.2.876/avr8-gnu-toolchain/bin/../lib/gcc/avr/4.7.2/avr5\libgcc.a(_ge_sf.o)
                                0x218 (size before relaxing)
 .debug_str     0x0000cde0        0x8 c:/program files/atmel/atmel toolchain/avr8 gcc/native/3.4.2.876/avr8-gnu-toolchain/bin/../lib/gcc/avr/4.7.2/avr5\libgcc.a(_lt_sf.o)
                                0x218 (size before relaxing)
 .debug_str     0x0000cde8        0x8 c:/program files/atmel/atmel toolchain/avr8 gcc/native/3.4.2.876/avr8-gnu-toolchain/bin/../lib/gcc/avr/4.7.2/avr5\libgcc.a(_le_sf.o)
                                0x218 (size before relaxing)
 .debug_str     0x0000cdf0        0xb c:/program files/atmel/atmel toolchain/avr8 gcc/native/3.4.2.876/avr8-gnu-toolchain/bin/../lib/gcc/avr/4.7.2/avr5\libgcc.a(_unord_sf.o)
                                0x20b (size before relaxing)
 .debug_str     0x0000cdfb       0x27 c:/program files/atmel/atmel toolchain/avr8 gcc/native/3.4.2.876/avr8-gnu-toolchain/bin/../lib/gcc/avr/4.7.2/avr5\libgcc.a(_si_to_sf.o)
                                0x1f5 (size before relaxing)
 .debug_str     0x0000ce22        0xa c:/program files/atmel/atmel toolchain/avr8 gcc/native/3.4.2.876/avr8-gnu-toolchain/bin/../lib/gcc/avr/4.7.2/avr5\libgcc.a(_sf_to_si.o)
                                0x211 (size before relaxing)
 .debug_str     0x00000000      0x1a8 c:/program files/atmel/atmel toolchain/avr8 gcc/native/3.4.2.876/avr8-gnu-toolchain/bin/../lib/gcc/avr/4.7.2/avr5\libgcc.a(_thenan_sf.o)
 .debug_str     0x0000ce2c       0x14 c:/program files/atmel/atmel toolchain/avr8 gcc/native/3.4.2.876/avr8-gnu-toolchain/bin/../lib/gcc/avr/4.7.2/avr5\libgcc.a(_usi_to_sf.o)
                                0x1f1 (size before relaxing)
 .debug_str     0x0000ce40        0x7 c:/program files/atmel/atmel toolchain/avr8 gcc/native/3.4.2.876/avr8-gnu-toolchain/bin/../lib/gcc/avr/4.7.2/avr5\libgcc.a(_pack_sf.o)
                                0x205 (size before relaxing)
 .debug_str     0x00000000      0x1e7 c:/program files/atmel/atmel toolchain/avr8 gcc/native/3.4.2.876/avr8-gnu-toolchain/bin/../lib/gcc/avr/4.7.2/avr5\libgcc.a(_unpack_sf.o)
 .debug_str     0x00000000      0x1cb c:/program files/atmel/atmel toolchain/avr8 gcc/native/3.4.2.876/avr8-gnu-toolchain/bin/../lib/gcc/avr/4.7.2/avr5\libgcc.a(_fpcmp_parts_sf.o)
 .debug_str     0x0000ce47       0xd8 c:/program files/atmel/atmel toolchain/avr8 gcc/native/3.4.2.876/avr8-gnu-toolchain/bin/../lib/gcc/avr/4.7.2/../../../../avr/lib/avr5\libc.a(malloc.o)
                                0x167 (size before relaxing)
 .debug_str     0x0000cf1f       0x66 c:/program files/atmel/atmel toolchain/avr8 gcc/native/3.4.2.876/avr8-gnu-toolchain/bin/../lib/gcc/avr/4.7.2/../../../../avr/lib/avr5\libc.a(rand.o)
                                 0xa5 (size before relaxing)
 .debug_str     0x0000cf85       0x8b c:/program files/atmel/atmel toolchain/avr8 gcc/native/3.4.2.876/avr8-gnu-toolchain/bin/../lib/gcc/avr/4.7.2/../../../../avr/lib/avr5\libc.a(sprintf.o)
                                0x127 (size before relaxing)
 .debug_str     0x0000d010       0xad c:/program files/atmel/atmel toolchain/avr8 gcc/native/3.4.2.876/avr8-gnu-toolchain/bin/../lib/gcc/avr/4.7.2/../../../../avr/lib/avr5\libc.a(vfprintf_std.o)
                                0x198 (size before relaxing)
 .debug_str     0x0000d0bd       0x4d c:/program files/atmel/atmel toolchain/avr8 gcc/native/3.4.2.876/avr8-gnu-toolchain/bin/../lib/gcc/avr/4.7.2/../../../../avr/lib/avr5\libc.a(fputc.o)
                                 0xf8 (size before relaxing)

.debug_loc      0x00000000     0x96ea
 *(.debug_loc)
 .debug_loc     0x00000000     0x2a65 src/Adafruit-GFX-Library/Adafruit_GFX.o
 .debug_loc     0x00002a65     0x1698 src/Adafruit-GFX-Library/Print.o
 .debug_loc     0x000040fd       0x76 src/avr.o
 .debug_loc     0x00004173      0x154 src/ball.o
 .debug_loc     0x000042c7      0x6bf src/keypad.o
 .debug_loc     0x00004986      0x1e2 src/lcd.o
 .debug_loc     0x00004b68      0x7b7 src/ledpong.o
 .debug_loc     0x0000531f      0x161 src/nesctrlr.o
 .debug_loc     0x00005480      0x103 src/paddle.o
 .debug_loc     0x00005583      0x1e1 src/RGB-matrix-Panel/pins_atmega32.o
 .debug_loc     0x00005764     0x18f6 src/RGB-matrix-Panel/RGBmatrixPanel.o
 .debug_loc     0x0000705a       0x28 src/score.o
 .debug_loc     0x00007082      0x554 src/music.o
 .debug_loc     0x000075d6      0x313 src/voltage.o
 .debug_loc     0x000078e9       0xa7 c:/program files/atmel/atmel toolchain/avr8 gcc/native/3.4.2.876/avr8-gnu-toolchain/bin/../lib/gcc/avr/4.7.2/avr5\libgcc.a(_fixunssfsi.o)
 .debug_loc     0x00007990      0x42d c:/program files/atmel/atmel toolchain/avr8 gcc/native/3.4.2.876/avr8-gnu-toolchain/bin/../lib/gcc/avr/4.7.2/avr5\libgcc.a(_addsub_sf.o)
 .debug_loc     0x00007dbd      0x21c c:/program files/atmel/atmel toolchain/avr8 gcc/native/3.4.2.876/avr8-gnu-toolchain/bin/../lib/gcc/avr/4.7.2/avr5\libgcc.a(_mul_sf.o)
 .debug_loc     0x00007fd9      0x177 c:/program files/atmel/atmel toolchain/avr8 gcc/native/3.4.2.876/avr8-gnu-toolchain/bin/../lib/gcc/avr/4.7.2/avr5\libgcc.a(_div_sf.o)
 .debug_loc     0x00008150       0xa1 c:/program files/atmel/atmel toolchain/avr8 gcc/native/3.4.2.876/avr8-gnu-toolchain/bin/../lib/gcc/avr/4.7.2/avr5\libgcc.a(_gt_sf.o)
 .debug_loc     0x000081f1       0xa1 c:/program files/atmel/atmel toolchain/avr8 gcc/native/3.4.2.876/avr8-gnu-toolchain/bin/../lib/gcc/avr/4.7.2/avr5\libgcc.a(_ge_sf.o)
 .debug_loc     0x00008292       0xa1 c:/program files/atmel/atmel toolchain/avr8 gcc/native/3.4.2.876/avr8-gnu-toolchain/bin/../lib/gcc/avr/4.7.2/avr5\libgcc.a(_lt_sf.o)
 .debug_loc     0x00008333       0xa1 c:/program files/atmel/atmel toolchain/avr8 gcc/native/3.4.2.876/avr8-gnu-toolchain/bin/../lib/gcc/avr/4.7.2/avr5\libgcc.a(_le_sf.o)
 .debug_loc     0x000083d4       0xa1 c:/program files/atmel/atmel toolchain/avr8 gcc/native/3.4.2.876/avr8-gnu-toolchain/bin/../lib/gcc/avr/4.7.2/avr5\libgcc.a(_unord_sf.o)
 .debug_loc     0x00008475      0x107 c:/program files/atmel/atmel toolchain/avr8 gcc/native/3.4.2.876/avr8-gnu-toolchain/bin/../lib/gcc/avr/4.7.2/avr5\libgcc.a(_si_to_sf.o)
 .debug_loc     0x0000857c       0x9f c:/program files/atmel/atmel toolchain/avr8 gcc/native/3.4.2.876/avr8-gnu-toolchain/bin/../lib/gcc/avr/4.7.2/avr5\libgcc.a(_sf_to_si.o)
 .debug_loc     0x0000861b      0x133 c:/program files/atmel/atmel toolchain/avr8 gcc/native/3.4.2.876/avr8-gnu-toolchain/bin/../lib/gcc/avr/4.7.2/avr5\libgcc.a(_usi_to_sf.o)
 .debug_loc     0x0000874e      0x148 c:/program files/atmel/atmel toolchain/avr8 gcc/native/3.4.2.876/avr8-gnu-toolchain/bin/../lib/gcc/avr/4.7.2/avr5\libgcc.a(_pack_sf.o)
 .debug_loc     0x00008896       0xf9 c:/program files/atmel/atmel toolchain/avr8 gcc/native/3.4.2.876/avr8-gnu-toolchain/bin/../lib/gcc/avr/4.7.2/avr5\libgcc.a(_unpack_sf.o)
 .debug_loc     0x0000898f       0x4a c:/program files/atmel/atmel toolchain/avr8 gcc/native/3.4.2.876/avr8-gnu-toolchain/bin/../lib/gcc/avr/4.7.2/avr5\libgcc.a(_fpcmp_parts_sf.o)
 .debug_loc     0x000089d9      0x4f8 c:/program files/atmel/atmel toolchain/avr8 gcc/native/3.4.2.876/avr8-gnu-toolchain/bin/../lib/gcc/avr/4.7.2/../../../../avr/lib/avr5\libc.a(malloc.o)
 .debug_loc     0x00008ed1      0x1e8 c:/program files/atmel/atmel toolchain/avr8 gcc/native/3.4.2.876/avr8-gnu-toolchain/bin/../lib/gcc/avr/4.7.2/../../../../avr/lib/avr5\libc.a(rand.o)
 .debug_loc     0x000090b9       0x21 c:/program files/atmel/atmel toolchain/avr8 gcc/native/3.4.2.876/avr8-gnu-toolchain/bin/../lib/gcc/avr/4.7.2/../../../../avr/lib/avr5\libc.a(sprintf.o)
 .debug_loc     0x000090da      0x51d c:/program files/atmel/atmel toolchain/avr8 gcc/native/3.4.2.876/avr8-gnu-toolchain/bin/../lib/gcc/avr/4.7.2/../../../../avr/lib/avr5\libc.a(vfprintf_std.o)
 .debug_loc     0x000095f7       0xf3 c:/program files/atmel/atmel toolchain/avr8 gcc/native/3.4.2.876/avr8-gnu-toolchain/bin/../lib/gcc/avr/4.7.2/../../../../avr/lib/avr5\libc.a(fputc.o)

.debug_macinfo
 *(.debug_macinfo)

.debug_pubtypes
 *(.debug_pubtypes)

.debug_ranges   0x00000000      0x708
 *(.debug_ranges)
 .debug_ranges  0x00000000       0x38 src/a2d.o
 .debug_ranges  0x00000038      0x158 src/Adafruit-GFX-Library/Adafruit_GFX.o
 .debug_ranges  0x00000190       0xd0 src/Adafruit-GFX-Library/Print.o
 .debug_ranges  0x00000260       0x10 src/ASF/mega/boards/stk600/rcx_x/init.o
 .debug_ranges  0x00000270       0x28 src/avr.o
 .debug_ranges  0x00000298       0x48 src/ball.o
 .debug_ranges  0x000002e0       0x10 src/coin.o
 .debug_ranges  0x000002f0       0x48 src/keypad.o
 .debug_ranges  0x00000338       0x58 src/lcd.o
 .debug_ranges  0x00000390       0x70 src/ledpong.o
 .debug_ranges  0x00000400       0x18 src/main.o
 .debug_ranges  0x00000418       0x28 src/nesctrlr.o
 .debug_ranges  0x00000440       0x38 src/paddle.o
 .debug_ranges  0x00000478       0x10 src/RGB-matrix-Panel/pins_atmega32.o
 .debug_ranges  0x00000488       0x90 src/RGB-matrix-Panel/RGBmatrixPanel.o
 .debug_ranges  0x00000518       0x20 src/score.o
 .debug_ranges  0x00000538       0xb8 src/music.o
 .debug_ranges  0x000005f0       0x40 src/voltage.o
 .debug_ranges  0x00000630       0x18 c:/program files/atmel/atmel toolchain/avr8 gcc/native/3.4.2.876/avr8-gnu-toolchain/bin/../lib/gcc/avr/4.7.2/avr5\libgcc.a(_mul_sf.o)
 .debug_ranges  0x00000648       0x38 c:/program files/atmel/atmel toolchain/avr8 gcc/native/3.4.2.876/avr8-gnu-toolchain/bin/../lib/gcc/avr/4.7.2/avr5\libgcc.a(_div_sf.o)
 .debug_ranges  0x00000680       0x18 c:/program files/atmel/atmel toolchain/avr8 gcc/native/3.4.2.876/avr8-gnu-toolchain/bin/../lib/gcc/avr/4.7.2/avr5\libgcc.a(_si_to_sf.o)
 .debug_ranges  0x00000698       0x18 c:/program files/atmel/atmel toolchain/avr8 gcc/native/3.4.2.876/avr8-gnu-toolchain/bin/../lib/gcc/avr/4.7.2/../../../../avr/lib/avr5\libc.a(malloc.o)
 .debug_ranges  0x000006b0       0x28 c:/program files/atmel/atmel toolchain/avr8 gcc/native/3.4.2.876/avr8-gnu-toolchain/bin/../lib/gcc/avr/4.7.2/../../../../avr/lib/avr5\libc.a(rand.o)
 .debug_ranges  0x000006d8       0x10 c:/program files/atmel/atmel toolchain/avr8 gcc/native/3.4.2.876/avr8-gnu-toolchain/bin/../lib/gcc/avr/4.7.2/../../../../avr/lib/avr5\libc.a(sprintf.o)
 .debug_ranges  0x000006e8       0x10 c:/program files/atmel/atmel toolchain/avr8 gcc/native/3.4.2.876/avr8-gnu-toolchain/bin/../lib/gcc/avr/4.7.2/../../../../avr/lib/avr5\libc.a(vfprintf_std.o)
 .debug_ranges  0x000006f8       0x10 c:/program files/atmel/atmel toolchain/avr8 gcc/native/3.4.2.876/avr8-gnu-toolchain/bin/../lib/gcc/avr/4.7.2/../../../../avr/lib/avr5\libc.a(fputc.o)

.debug_macro    0x00000000     0x43b5
 *(.debug_macro)
 .debug_macro   0x00000000       0xcf src/a2d.o
 .debug_macro   0x000000cf      0x5a4 src/a2d.o
 .debug_macro   0x00000673       0x10 src/a2d.o
 .debug_macro   0x00000683      0x1ad src/a2d.o
 .debug_macro   0x00000830      0x293 src/a2d.o
 .debug_macro   0x00000ac3       0x9e src/a2d.o
 .debug_macro   0x00000b61      0xbfa src/a2d.o
 .debug_macro   0x0000175b      0x170 src/a2d.o
 .debug_macro   0x000018cb       0xbd src/a2d.o
 .debug_macro   0x00001988       0x34 src/a2d.o
 .debug_macro   0x000019bc       0x18 src/a2d.o
 .debug_macro   0x000019d4       0x6c src/a2d.o
 .debug_macro   0x00001a40       0x63 src/a2d.o
 .debug_macro   0x00001aa3       0x10 src/a2d.o
 .debug_macro   0x00001ab3       0x89 src/a2d.o
 .debug_macro   0x00001b3c       0xe0 src/a2d.o
 .debug_macro   0x00001c1c       0x3a src/a2d.o
 .debug_macro   0x00001c56       0x10 src/a2d.o
 .debug_macro   0x00001c66       0xff src/Adafruit-GFX-Library/Adafruit_GFX.o
 .debug_macro   0x00001d65       0x58 src/Adafruit-GFX-Library/Adafruit_GFX.o
 .debug_macro   0x00001dbd       0x10 src/Adafruit-GFX-Library/Adafruit_GFX.o
 .debug_macro   0x00001dcd       0x97 src/Adafruit-GFX-Library/Adafruit_GFX.o
 .debug_macro   0x00001e64       0xeb src/Adafruit-GFX-Library/Adafruit_GFX.o
 .debug_macro   0x00001f4f       0x1c src/Adafruit-GFX-Library/Adafruit_GFX.o
 .debug_macro   0x00001f6b       0xaa src/Adafruit-GFX-Library/Adafruit_GFX.o
 .debug_macro   0x00002015       0x12 src/Adafruit-GFX-Library/Adafruit_GFX.o
 .debug_macro   0x00002027       0x1c src/Adafruit-GFX-Library/Adafruit_GFX.o
 .debug_macro   0x00002043       0x97 src/Adafruit-GFX-Library/Adafruit_GFX.o
 .debug_macro   0x000020da       0x45 src/Adafruit-GFX-Library/Adafruit_GFX.o
 .debug_macro   0x0000211f       0xa4 src/Adafruit-GFX-Library/glcdfont.o
 .debug_macro   0x000021c3       0x9a src/Adafruit-GFX-Library/Print.o
 .debug_macro   0x0000225d      0x10e src/Adafruit-GFX-Library/Print.o
 .debug_macro   0x0000236b       0x51 src/Adafruit-GFX-Library/Print.o
 .debug_macro   0x000023bc       0x20 src/Adafruit-GFX-Library/Print.o
 .debug_macro   0x000023dc       0x16 src/Adafruit-GFX-Library/Print.o
 .debug_macro   0x000023f2      0x167 src/Adafruit-GFX-Library/Print.o
 .debug_macro   0x00002559       0x22 src/Adafruit-GFX-Library/Print.o
 .debug_macro   0x0000257b      0x134 src/ASF/mega/boards/stk600/rcx_x/init.o
 .debug_macro   0x000026af       0x22 src/ASF/mega/boards/stk600/rcx_x/init.o
 .debug_macro   0x000026d1      0x16c src/ASF/mega/boards/stk600/rcx_x/init.o
 .debug_macro   0x0000283d       0x35 src/ASF/mega/boards/stk600/rcx_x/init.o
 .debug_macro   0x00002872      0x2bd src/ASF/mega/boards/stk600/rcx_x/init.o
 .debug_macro   0x00002b2f       0x44 src/ASF/mega/boards/stk600/rcx_x/init.o
 .debug_macro   0x00002b73       0x69 src/ASF/mega/boards/stk600/rcx_x/init.o
 .debug_macro   0x00002bdc       0x2c src/ASF/mega/boards/stk600/rcx_x/init.o
 .debug_macro   0x00002c08       0xd4 src/ASF/mega/boards/stk600/rcx_x/init.o
 .debug_macro   0x00002cdc       0x40 src/ASF/mega/boards/stk600/rcx_x/init.o
 .debug_macro   0x00002d1c       0xeb src/ASF/mega/boards/stk600/rcx_x/init.o
 .debug_macro   0x00002e07      0x1b5 src/ASF/mega/boards/stk600/rcx_x/init.o
 .debug_macro   0x00002fbc       0xbc src/avr.o
 .debug_macro   0x00003078       0xaa src/ball.o
 .debug_macro   0x00003122       0x40 src/ball.o
 .debug_macro   0x00003162      0x299 src/ball.o
 .debug_macro   0x000033fb       0xc5 src/coin.o
 .debug_macro   0x000034c0       0x52 src/coin.o
 .debug_macro   0x00003512       0xc6 src/keypad.o
 .debug_macro   0x000035d8       0xe4 src/lcd.o
 .debug_macro   0x000036bc      0x1fd src/ledpong.o
 .debug_macro   0x000038b9       0xbe src/ledpong.o
 .debug_macro   0x00003977       0x3a src/ledpong.o
 .debug_macro   0x000039b1       0x40 src/ledpong.o
 .debug_macro   0x000039f1      0x130 src/ledpong.o
 .debug_macro   0x00003b21      0x218 src/main.o
 .debug_macro   0x00003d39       0xc5 src/nesctrlr.o
 .debug_macro   0x00003dfe       0x9d src/paddle.o
 .debug_macro   0x00003e9b      0x165 src/RGB-matrix-Panel/pins_atmega32.o
 .debug_macro   0x00004000      0x16e src/RGB-matrix-Panel/RGBmatrixPanel.o
 .debug_macro   0x0000416e       0x1b src/score.o
 .debug_macro   0x00004189      0x150 src/music.o
 .debug_macro   0x000042d9       0xdc src/voltage.o
OUTPUT(project5.elf elf32-avr)
LOAD linker stubs
